[INFO] 2026-04-18 15:02:18 UserTest.testCreateUser() - Creating user
[INFO] 2026-04-18 15:02:18 UserTest.testCreateUser() - User Details: User {username='kelvin.towne', id=1809129176, email='chin.parker@example.com'}
[INFO] 2026-04-18 15:08:52 UserTest.testCreateUser() - Creating user
[INFO] 2026-04-18 15:08:52 UserTest.testCreateUser() - User Details: User {username='doyle.ernser', id=1240412896, email='vi.connelly@example.com'}
[INFO] 2026-04-18 15:11:31 UserTest.testCreateUser() - Creating user
[INFO] 2026-04-18 15:11:31 UserTest.testCreateUser() - User Details: User {username='kathlyn.streich', id=1240412896, email='cathern.mertz@example.com'}
[INFO] 2026-04-18 19:44:55 UserTest.testCreateUser() - Creating user
[INFO] 2026-04-18 19:44:55 UserTest.testCreateUser() - User Details: User {username='philomena.nitzsche', id=505968231, email='eliseo.hermiston@example.com'}
[INFO] 2026-04-18 19:45:05 PetTest.testCreatePet() - Creating Pet
[INFO] 2026-04-18 19:45:05 PetTest.testCreatePet() - User Details: api.payload.Pet@5d8cbb32
[INFO] 2026-04-18 20:07:34 UserTest.testCreateUser() - Creating user
[INFO] 2026-04-18 20:07:34 UserTest.testCreateUser() - User Details: User {username='trey.krajcik', id=505968231, email='anisha.mcglynn@example.com'}
[INFO] 2026-04-18 20:07:44 PetTest.testCreatePet() - Creating Pet
[INFO] 2026-04-18 20:07:44 PetTest.testCreatePet() - User Details: api.payload.Pet@70a81b4e
[INFO] 2026-04-18 20:42:08 RestAssuredFilter.filter() - ERROR: ExtentTest is NULL
[INFO] 2026-04-18 20:42:10 RestAssuredFilter.filter() - ERROR: ExtentTest is NULL
[INFO] 2026-04-18 20:42:11 RestAssuredFilter.filter() - ERROR: ExtentTest is NULL
[INFO] 2026-04-18 20:42:12 RestAssuredFilter.filter() - ERROR: ExtentTest is NULL
[INFO] 2026-04-18 20:42:14 RestAssuredFilter.filter() - ERROR: ExtentTest is NULL
[INFO] 2026-04-18 20:42:15 RestAssuredFilter.filter() - ERROR: ExtentTest is NULL
[INFO] 2026-04-18 20:42:16 RestAssuredFilter.filter() - ERROR: ExtentTest is NULL
[INFO] 2026-04-18 20:42:18 RestAssuredFilter.filter() - ERROR: ExtentTest is NULL
[INFO] 2026-04-18 20:42:19 RestAssuredFilter.filter() - ERROR: ExtentTest is NULL
[INFO] 2026-04-18 20:42:20 RestAssuredFilter.filter() - ERROR: ExtentTest is NULL
[INFO] 2026-04-18 20:42:21 RestAssuredFilter.filter() - ERROR: ExtentTest is NULL
[INFO] 2026-04-18 20:42:22 RestAssuredFilter.filter() - ERROR: ExtentTest is NULL
[INFO] 2026-04-18 20:42:24 RestAssuredFilter.filter() - ERROR: ExtentTest is NULL
[INFO] 2026-04-18 20:42:25 RestAssuredFilter.filter() - ERROR: ExtentTest is NULL
[INFO] 2026-04-18 20:42:26 RestAssuredFilter.filter() - ERROR: ExtentTest is NULL
[INFO] 2026-04-18 20:42:27 PetTest.testCreatePet() - Creating Pet
[INFO] 2026-04-18 20:42:27 PetTest.testCreatePet() - User Details: api.payload.Pet@1254a3cd
[INFO] 2026-04-18 20:42:27 RestAssuredFilter.filter() - ERROR: ExtentTest is NULL
[INFO] 2026-04-18 20:42:29 RestAssuredFilter.filter() - ERROR: ExtentTest is NULL
[INFO] 2026-04-18 20:42:30 RestAssuredFilter.filter() - ERROR: ExtentTest is NULL
[INFO] 2026-04-18 20:42:32 RestAssuredFilter.filter() - ERROR: ExtentTest is NULL
[INFO] 2026-04-18 20:42:33 RestAssuredFilter.filter() - ERROR: ExtentTest is NULL
[INFO] 2026-04-18 20:42:34 RestAssuredFilter.filter() - ERROR: ExtentTest is NULL
[INFO] 2026-04-18 20:42:35 UserTest.testCreateUser() - Creating user
[INFO] 2026-04-18 20:42:35 UserTest.testCreateUser() - User Details: User {username='ira.johnston', id=1469692066, email='christopher.hackett@example.com'}
[INFO] 2026-04-18 20:42:35 RestAssuredFilter.filter() - ERROR: ExtentTest is NULL
[INFO] 2026-04-18 20:42:36 RestAssuredFilter.filter() - ERROR: ExtentTest is NULL
[INFO] 2026-04-18 20:42:38 RestAssuredFilter.filter() - ERROR: ExtentTest is NULL
[INFO] 2026-04-18 20:42:39 RestAssuredFilter.filter() - ERROR: ExtentTest is NULL
[INFO] 2026-04-18 20:42:40 RestAssuredFilter.filter() - ERROR: ExtentTest is NULL
[INFO] 2026-04-18 20:42:41 RestAssuredFilter.filter() - ERROR: ExtentTest is NULL
[INFO] 2026-04-18 20:51:35 UserTest.testCreateUser() - Creating user
[INFO] 2026-04-18 20:51:35 UserTest.testCreateUser() - User Details: User {username='edie.lesch', id=1541942595, email='odell.vonrueden@example.com'}
[INFO] 2026-04-18 20:51:45 PetTest.testCreatePet() - Creating Pet
[INFO] 2026-04-18 20:51:45 PetTest.testCreatePet() - User Details: api.payload.Pet@63ee2891
[INFO] 2026-04-18 21:11:57 UserTest.testCreateUser() - Creating user
[INFO] 2026-04-18 21:11:57 UserTest.testCreateUser() - User Details: User {username='stan.wisozk', id=878598679, email='dalton.fay@example.com'}
[INFO] 2026-04-18 21:12:07 PetTest.testCreatePet() - Creating Pet
[INFO] 2026-04-18 21:12:07 PetTest.testCreatePet() - User Details: api.payload.Pet@48971262
[INFO] 2026-04-24 15:11:45 UserTest.testCreateUser() - Creating user
[INFO] 2026-04-24 15:11:45 UserTest.testCreateUser() - User Details: User {username='testuser11', id=11010, email='a123@gmail.com'}
[INFO] 2026-04-24 15:11:48 UserTest.testCreateUser() - Creating user
[INFO] 2026-04-24 15:11:48 UserTest.testCreateUser() - User Details: User {username='testuser22', id=11020, email='b123@gmail.com'}
[INFO] 2026-04-24 15:11:49 UserTest.testCreateUser() - Creating user
[INFO] 2026-04-24 15:11:49 UserTest.testCreateUser() - User Details: User {username='testuser33', id=11030, email='c123@gmail.com'}
[INFO] 2026-04-24 15:11:50 UserTest.testCreateUser() - Creating user
[INFO] 2026-04-24 15:11:50 UserTest.testCreateUser() - User Details: User {username='testuser44', id=11040, email='d123@gmail.com'}
[INFO] 2026-04-24 15:11:51 UserTest.testCreateUser() - Creating user
[INFO] 2026-04-24 15:11:51 UserTest.testCreateUser() - User Details: User {username='testuser55', id=11050, email='e123@gmail.com'}
[INFO] 2026-04-24 15:12:24 PetTest.testCreatePet() - Creating Pet
[INFO] 2026-04-24 15:12:24 PetTest.testCreatePet() - Pet Details: api.payload.Pet@dc6a186
[INFO] 2026-04-24 15:12:25 PetTest.testCreatePet() - Creating Pet
[INFO] 2026-04-24 15:12:25 PetTest.testCreatePet() - Pet Details: api.payload.Pet@2fedae96
[INFO] 2026-04-24 15:12:27 PetTest.testCreatePet() - Creating Pet
[INFO] 2026-04-24 15:12:27 PetTest.testCreatePet() - Pet Details: api.payload.Pet@7f39bcb5
[INFO] 2026-04-24 15:12:28 PetTest.testCreatePet() - Creating Pet
[INFO] 2026-04-24 15:12:28 PetTest.testCreatePet() - Pet Details: api.payload.Pet@2806fe58
[INFO] 2026-04-24 15:23:12 UserTest.testCreateUser() - Creating user
[INFO] 2026-04-24 15:23:12 UserTest.testCreateUser() - User Details: User {username='testuser11', id=11010, email='a123@gmail.com'}
[INFO] 2026-04-24 15:23:15 UserTest.testCreateUser() - Creating user
[INFO] 2026-04-24 15:23:15 UserTest.testCreateUser() - User Details: User {username='testuser22', id=11020, email='b123@gmail.com'}
[INFO] 2026-04-24 15:23:17 UserTest.testCreateUser() - Creating user
[INFO] 2026-04-24 15:23:17 UserTest.testCreateUser() - User Details: User {username='testuser33', id=11030, email='c123@gmail.com'}
[INFO] 2026-04-24 15:23:18 UserTest.testCreateUser() - Creating user
[INFO] 2026-04-24 15:23:18 UserTest.testCreateUser() - User Details: User {username='testuser44', id=11040, email='d123@gmail.com'}
[INFO] 2026-04-24 15:23:19 UserTest.testCreateUser() - Creating user
[INFO] 2026-04-24 15:23:19 UserTest.testCreateUser() - User Details: User {username='testuser55', id=11050, email='e123@gmail.com'}
[INFO] 2026-04-24 15:23:52 PetTest.testCreatePet() - Creating Pet
[INFO] 2026-04-24 15:23:52 PetTest.testCreatePet() - Pet Details: api.payload.Pet@60eb9c29
[INFO] 2026-04-24 15:23:53 PetTest.testCreatePet() - Creating Pet
[INFO] 2026-04-24 15:23:53 PetTest.testCreatePet() - Pet Details: api.payload.Pet@56d4481f
[INFO] 2026-04-24 15:23:54 PetTest.testCreatePet() - Creating Pet
[INFO] 2026-04-24 15:23:54 PetTest.testCreatePet() - Pet Details: api.payload.Pet@4c541b00
[INFO] 2026-04-24 15:23:56 PetTest.testCreatePet() - Creating Pet
[INFO] 2026-04-24 15:23:56 PetTest.testCreatePet() - Pet Details: api.payload.Pet@618d2191
[INFO] 2026-04-24 15:23:57 PetTest.testGetPet() - PetId: 11011
[INFO] 2026-04-24 15:23:58 PetTest.testGetPet() - PetId: 11022
[INFO] 2026-04-24 15:23:59 PetTest.testGetPet() - PetId: 11033
[INFO] 2026-04-24 15:24:00 PetTest.testGetPet() - PetId: 11044
[INFO] 2026-04-24 16:41:51 ExtentReportManager.onTestStart() - TestName: testGetPet | Thread-Thread[#35,TestNG-PoolService-2,5,main]
[INFO] 2026-04-24 16:41:51 ExtentReportManager.onTestStart() - Test ThreadId: testGetPet - 1458412532
[INFO] 2026-04-24 16:41:51 ExtentReportManager.onTestStart() - TestName: testGetPet | Thread-Thread[#36,TestNG-PoolService-3,5,main]
[INFO] 2026-04-24 16:41:51 ExtentReportManager.onTestStart() - TestName: testGetPet | Thread-Thread[#34,TestNG-PoolService-1,5,main]
[INFO] 2026-04-24 16:41:51 ExtentReportManager.onTestStart() - Test ThreadId: testGetPet - 1683526622
[INFO] 2026-04-24 16:41:51 ExtentReportManager.onTestStart() - Test ThreadId: testGetPet - 781650182
[INFO] 2026-04-24 16:41:51 ExtentReportManager.onTestStart() - TestName: testGetPet | Thread-Thread[#37,TestNG-PoolService-4,5,main]
[INFO] 2026-04-24 16:41:51 ExtentReportManager.onTestStart() - Test ThreadId: testGetPet - 695934755
[INFO] 2026-04-24 16:41:51 PetTest.testGetPet() - PetId: 11011
[INFO] 2026-04-24 16:41:51 PetTest.testGetPet() - PetId: 11022
[INFO] 2026-04-24 16:41:51 PetTest.testGetPet() - PetId: 11044
[INFO] 2026-04-24 16:41:51 PetTest.testGetPet() - PetId: 11033
[INFO] 2026-04-24 16:41:51 ExtentReportManager.onTestStart() - TestName: testGetUser | Thread-Thread[#38,TestNG-PoolService-1,5,main]
[INFO] 2026-04-24 16:41:51 ExtentReportManager.onTestStart() - TestName: testGetUser | Thread-Thread[#42,TestNG-PoolService-5,5,main]
[INFO] 2026-04-24 16:41:51 ExtentReportManager.onTestStart() - Test ThreadId: testGetUser - 2068308716
[INFO] 2026-04-24 16:41:51 ExtentReportManager.onTestStart() - TestName: testGetUser | Thread-Thread[#41,TestNG-PoolService-4,5,main]
[INFO] 2026-04-24 16:41:51 ExtentReportManager.onTestStart() - Test ThreadId: testGetUser - 1481233957
[INFO] 2026-04-24 16:41:51 ExtentReportManager.onTestStart() - TestName: testGetUser | Thread-Thread[#40,TestNG-PoolService-3,5,main]
[INFO] 2026-04-24 16:41:51 ExtentReportManager.onTestStart() - Test ThreadId: testGetUser - 1686458728
[INFO] 2026-04-24 16:41:51 ExtentReportManager.onTestStart() - TestName: testGetUser | Thread-Thread[#39,TestNG-PoolService-2,5,main]
[INFO] 2026-04-24 16:41:51 ExtentReportManager.onTestStart() - Test ThreadId: testGetUser - 103896758
[INFO] 2026-04-24 16:41:51 ExtentReportManager.onTestStart() - Test ThreadId: testGetUser - 1048738738
[INFO] 2026-04-24 16:41:52 ExtentReportManager.onTestStart() - TestName: testUpdatePet | Thread-Thread[#47,TestNG-PoolService-1,5,main]
[INFO] 2026-04-24 16:41:52 ExtentReportManager.onTestStart() - Test ThreadId: testUpdatePet - 1809481689
[INFO] 2026-04-24 16:41:52 ExtentReportManager.onTestStart() - TestName: testCreatePet | Thread-Thread[#43,TestNG-PoolService-1,5,main]
[INFO] 2026-04-24 16:41:52 ExtentReportManager.onTestStart() - TestName: testUpdatePet | Thread-Thread[#50,TestNG-PoolService-4,5,main]
[INFO] 2026-04-24 16:41:52 ExtentReportManager.onTestStart() - Test ThreadId: testUpdatePet - 32921266
[INFO] 2026-04-24 16:41:52 ExtentReportManager.onTestStart() - TestName: testCreatePet | Thread-Thread[#45,TestNG-PoolService-3,5,main]
[INFO] 2026-04-24 16:41:52 ExtentReportManager.onTestStart() - Test ThreadId: testCreatePet - 1350087556
[INFO] 2026-04-24 16:41:52 ExtentReportManager.onTestStart() - TestName: testCreatePet | Thread-Thread[#46,TestNG-PoolService-4,5,main]
[INFO] 2026-04-24 16:41:52 ExtentReportManager.onTestStart() - TestName: testUpdatePet | Thread-Thread[#49,TestNG-PoolService-3,5,main]
[INFO] 2026-04-24 16:41:52 ExtentReportManager.onTestStart() - Test ThreadId: testCreatePet - 1615415457
[INFO] 2026-04-24 16:41:52 PetTest.testCreatePet() - Creating Pet
[INFO] 2026-04-24 16:41:52 PetTest.testCreatePet() - Pet Details: api.payload.Pet@5ebf4623
[INFO] 2026-04-24 16:41:52 ExtentReportManager.onTestStart() - Test ThreadId: testUpdatePet - 1562246285
[INFO] 2026-04-24 16:41:52 PetTest.testCreatePet() - Creating Pet
[INFO] 2026-04-24 16:41:52 ExtentReportManager.onTestStart() - TestName: testCreatePet | Thread-Thread[#44,TestNG-PoolService-2,5,main]
[INFO] 2026-04-24 16:41:52 ExtentReportManager.onTestStart() - Test ThreadId: testCreatePet - 756069929
[INFO] 2026-04-24 16:41:52 PetTest.testCreatePet() - Creating Pet
[INFO] 2026-04-24 16:41:52 PetTest.testCreatePet() - Pet Details: api.payload.Pet@23d74c23
[INFO] 2026-04-24 16:41:52 PetTest.testCreatePet() - Pet Details: api.payload.Pet@6e8ebb00
[INFO] 2026-04-24 16:41:52 ExtentReportManager.onTestStart() - Test ThreadId: testCreatePet - 1747739664
[INFO] 2026-04-24 16:41:52 ExtentReportManager.onTestStart() - TestName: testUpdatePet | Thread-Thread[#48,TestNG-PoolService-2,5,main]
[INFO] 2026-04-24 16:41:52 ExtentReportManager.onTestStart() - Test ThreadId: testUpdatePet - 303410619
[INFO] 2026-04-24 16:41:52 PetTest.testCreatePet() - Creating Pet
[INFO] 2026-04-24 16:41:52 PetTest.testCreatePet() - Pet Details: api.payload.Pet@66eb96bd
[INFO] 2026-04-24 16:41:52 ExtentReportManager.onTestStart() - TestName: testCreateUser | Thread-Thread[#51,TestNG-PoolService-1,5,main]
[INFO] 2026-04-24 16:41:52 ExtentReportManager.onTestStart() - TestName: testCreateUser | Thread-Thread[#53,TestNG-PoolService-3,5,main]
[INFO] 2026-04-24 16:41:52 ExtentReportManager.onTestStart() - Test ThreadId: testCreateUser - 636723441
[INFO] 2026-04-24 16:41:52 ExtentReportManager.onTestStart() - TestName: testCreateUser | Thread-Thread[#52,TestNG-PoolService-2,5,main]
[INFO] 2026-04-24 16:41:52 ExtentReportManager.onTestStart() - TestName: testCreateUser | Thread-Thread[#54,TestNG-PoolService-4,5,main]
[INFO] 2026-04-24 16:41:52 ExtentReportManager.onTestStart() - Test ThreadId: testCreateUser - 1488871525
[INFO] 2026-04-24 16:41:52 ExtentReportManager.onTestStart() - Test ThreadId: testCreateUser - 1982968604
[INFO] 2026-04-24 16:41:52 ExtentReportManager.onTestStart() - Test ThreadId: testCreateUser - 942417220
[INFO] 2026-04-24 16:41:52 UserTest.testCreateUser() - Creating user
[INFO] 2026-04-24 16:41:52 UserTest.testCreateUser() - Creating user
[INFO] 2026-04-24 16:41:52 UserTest.testCreateUser() - User Details: User {username='testuser33', id=11030, email='c123@gmail.com'}
[INFO] 2026-04-24 16:41:52 UserTest.testCreateUser() - Creating user
[INFO] 2026-04-24 16:41:52 UserTest.testCreateUser() - User Details: User {username='testuser11', id=11010, email='a123@gmail.com'}
[INFO] 2026-04-24 16:41:52 UserTest.testCreateUser() - User Details: User {username='testuser44', id=11040, email='d123@gmail.com'}
[INFO] 2026-04-24 16:41:52 UserTest.testCreateUser() - Creating user
[INFO] 2026-04-24 16:41:52 UserTest.testCreateUser() - User Details: User {username='testuser22', id=11020, email='b123@gmail.com'}
[INFO] 2026-04-24 16:41:52 ExtentReportManager.onTestStart() - TestName: testCreateUser | Thread-Thread[#55,TestNG-PoolService-5,5,main]
[INFO] 2026-04-24 16:41:52 ExtentReportManager.onTestStart() - Test ThreadId: testCreateUser - 582950233
[INFO] 2026-04-24 16:41:52 UserTest.testCreateUser() - Creating user
[INFO] 2026-04-24 16:41:52 UserTest.testCreateUser() - User Details: User {username='testuser55', id=11050, email='e123@gmail.com'}
[INFO] 2026-04-24 16:41:56 ExtentReportManager.onTestStart() - TestName: testDeletePet | Thread-Thread[#58,TestNG-PoolService-3,5,main]
[INFO] 2026-04-24 16:41:56 ExtentReportManager.onTestStart() - Test ThreadId: testDeletePet - 642481771
[INFO] 2026-04-24 16:41:56 ExtentReportManager.onTestStart() - TestName: testDeletePet | Thread-Thread[#56,TestNG-PoolService-1,5,main]
[INFO] 2026-04-24 16:41:56 ExtentReportManager.onTestStart() - Test ThreadId: testDeletePet - 1052230413
[INFO] 2026-04-24 16:41:56 ExtentReportManager.onTestStart() - TestName: testDeletePet | Thread-Thread[#59,TestNG-PoolService-4,5,main]
[INFO] 2026-04-24 16:41:56 ExtentReportManager.onTestStart() - Test ThreadId: testDeletePet - 1079498025
[INFO] 2026-04-24 16:41:56 ExtentReportManager.onTestStart() - TestName: testDeletePet | Thread-Thread[#57,TestNG-PoolService-2,5,main]
[INFO] 2026-04-24 16:41:56 ExtentReportManager.onTestStart() - Test ThreadId: testDeletePet - 1354689464
[INFO] 2026-04-24 16:41:57 ExtentReportManager.onTestStart() - TestName: testDeleteUser | Thread-Thread[#60,TestNG-PoolService-1,5,main]
[INFO] 2026-04-24 16:41:57 ExtentReportManager.onTestStart() - Test ThreadId: testDeleteUser - 472485974
[INFO] 2026-04-24 16:41:57 ExtentReportManager.onTestStart() - TestName: testDeleteUser | Thread-Thread[#61,TestNG-PoolService-2,5,main]
[INFO] 2026-04-24 16:41:57 ExtentReportManager.onTestStart() - Test ThreadId: testDeleteUser - 171053773
[INFO] 2026-04-24 16:41:57 ExtentReportManager.onTestStart() - TestName: testDeleteUser | Thread-Thread[#63,TestNG-PoolService-4,5,main]
[INFO] 2026-04-24 16:41:57 ExtentReportManager.onTestStart() - Test ThreadId: testDeleteUser - 636863231
[INFO] 2026-04-24 16:41:57 ExtentReportManager.onTestStart() - TestName: testDeleteUser | Thread-Thread[#62,TestNG-PoolService-3,5,main]
[INFO] 2026-04-24 16:41:57 ExtentReportManager.onTestStart() - Test ThreadId: testDeleteUser - 435062547
[INFO] 2026-04-24 16:41:57 ExtentReportManager.onTestStart() - TestName: testDeleteUser | Thread-Thread[#64,TestNG-PoolService-5,5,main]
[INFO] 2026-04-24 16:41:57 ExtentReportManager.onTestStart() - Test ThreadId: testDeleteUser - 1798421811
[INFO] 2026-04-24 16:41:58 ExtentReportManager.onTestStart() - TestName: testUpdateUser | Thread-Thread[#69,TestNG-PoolService-5,5,main]
[INFO] 2026-04-24 16:41:58 ExtentReportManager.onTestStart() - Test ThreadId: testUpdateUser - 1204019549
[INFO] 2026-04-24 16:41:58 ExtentReportManager.onTestStart() - TestName: testUpdateUser | Thread-Thread[#65,TestNG-PoolService-1,5,main]
[INFO] 2026-04-24 16:41:58 ExtentReportManager.onTestStart() - TestName: testUpdateUser | Thread-Thread[#68,TestNG-PoolService-4,5,main]
[INFO] 2026-04-24 16:41:58 ExtentReportManager.onTestStart() - TestName: testUpdateUser | Thread-Thread[#67,TestNG-PoolService-3,5,main]
[INFO] 2026-04-24 16:41:58 ExtentReportManager.onTestStart() - Test ThreadId: testUpdateUser - 115943937
[INFO] 2026-04-24 16:41:58 ExtentReportManager.onTestStart() - TestName: testUpdateUser | Thread-Thread[#66,TestNG-PoolService-2,5,main]
[INFO] 2026-04-24 16:41:58 ExtentReportManager.onTestStart() - Test ThreadId: testUpdateUser - 1020429973
[INFO] 2026-04-24 16:41:58 ExtentReportManager.onTestStart() - Test ThreadId: testUpdateUser - 868160226
[INFO] 2026-04-24 16:41:58 ExtentReportManager.onTestStart() - Test ThreadId: testUpdateUser - 1034319794
[INFO] 2026-04-24 16:55:14 ExtentReportManager.onTestStart() - TestName: testCreatePet | Thread-Thread[#32,TestNG-PoolService-2,5,main]
[INFO] 2026-04-24 16:55:14 ExtentReportManager.onTestStart() - TestName: testCreatePet | Thread-Thread[#33,TestNG-PoolService-3,5,main]
[INFO] 2026-04-24 16:55:14 ExtentReportManager.onTestStart() - TestName: testCreatePet | Thread-Thread[#31,TestNG-PoolService-1,5,main]
[INFO] 2026-04-24 16:55:14 ExtentReportManager.onTestStart() - Test ThreadId: testCreatePet - 2097353034
[INFO] 2026-04-24 16:55:14 ExtentReportManager.onTestStart() - TestName: testCreatePet | Thread-Thread[#34,TestNG-PoolService-4,5,main]
[INFO] 2026-04-24 16:55:14 ExtentReportManager.onTestStart() - Test ThreadId: testCreatePet - 516116725
[INFO] 2026-04-24 16:55:14 ExtentReportManager.onTestStart() - Test ThreadId: testCreatePet - 912107728
[INFO] 2026-04-24 16:55:14 ExtentReportManager.onTestStart() - Test ThreadId: testCreatePet - 822299121
[INFO] 2026-04-24 16:55:14 ExtentReportManager.onTestStart() - TestName: testCreateUser | Thread-Thread[#37,TestNG-PoolService-3,5,main]
[INFO] 2026-04-24 16:55:14 ExtentReportManager.onTestStart() - Test ThreadId: testCreateUser - 429292906
[INFO] 2026-04-24 16:55:14 ExtentReportManager.onTestStart() - TestName: testCreateUser | Thread-Thread[#38,TestNG-PoolService-4,5,main]
[INFO] 2026-04-24 16:55:14 ExtentReportManager.onTestStart() - Test ThreadId: testCreateUser - 340278860
[INFO] 2026-04-24 16:55:14 ExtentReportManager.onTestStart() - TestName: testCreateUser | Thread-Thread[#36,TestNG-PoolService-2,5,main]
[INFO] 2026-04-24 16:55:14 ExtentReportManager.onTestStart() - TestName: testCreateUser | Thread-Thread[#39,TestNG-PoolService-5,5,main]
[INFO] 2026-04-24 16:55:14 ExtentReportManager.onTestStart() - TestName: testCreateUser | Thread-Thread[#35,TestNG-PoolService-1,5,main]
[INFO] 2026-04-24 16:55:14 ExtentReportManager.onTestStart() - Test ThreadId: testCreateUser - 1042156286
[INFO] 2026-04-24 16:55:14 ExtentReportManager.onTestStart() - Test ThreadId: testCreateUser - 863396622
[INFO] 2026-04-24 16:55:14 ExtentReportManager.onTestStart() - Test ThreadId: testCreateUser - 1886405060
[INFO] 2026-04-24 16:55:18 ExtentReportManager.onTestStart() - TestName: testGetPet | Thread-Thread[#41,TestNG-PoolService-2,5,main]
[INFO] 2026-04-24 16:55:18 ExtentReportManager.onTestStart() - Test ThreadId: testGetPet - 819769676
[INFO] 2026-04-24 16:55:18 PetTest.testGetPet() - PetId: 11022
[INFO] 2026-04-24 16:55:18 ExtentReportManager.onTestStart() - TestName: testGetPet | Thread-Thread[#40,TestNG-PoolService-1,5,main]
[INFO] 2026-04-24 16:55:18 ExtentReportManager.onTestStart() - Test ThreadId: testGetPet - 1135203875
[INFO] 2026-04-24 16:55:18 PetTest.testGetPet() - PetId: 11011
[INFO] 2026-04-24 16:55:18 ExtentReportManager.onTestStart() - TestName: testGetPet | Thread-Thread[#42,TestNG-PoolService-3,5,main]
[INFO] 2026-04-24 16:55:19 ExtentReportManager.onTestStart() - Test ThreadId: testGetPet - 1867881974
[INFO] 2026-04-24 16:55:19 PetTest.testGetPet() - PetId: 11033
[INFO] 2026-04-24 16:55:19 ExtentReportManager.onTestStart() - TestName: testGetUser | Thread-Thread[#46,TestNG-PoolService-3,5,main]
[INFO] 2026-04-24 16:55:19 ExtentReportManager.onTestStart() - Test ThreadId: testGetUser - 36723074
[INFO] 2026-04-24 16:55:19 ExtentReportManager.onTestStart() - TestName: testGetUser | Thread-Thread[#45,TestNG-PoolService-2,5,main]
[INFO] 2026-04-24 16:55:19 ExtentReportManager.onTestStart() - Test ThreadId: testGetUser - 1426171428
[INFO] 2026-04-24 16:55:19 ExtentReportManager.onTestStart() - TestName: testGetUser | Thread-Thread[#47,TestNG-PoolService-4,5,main]
[INFO] 2026-04-24 16:55:19 ExtentReportManager.onTestStart() - Test ThreadId: testGetUser - 737452740
[INFO] 2026-04-24 16:55:19 ExtentReportManager.onTestStart() - TestName: testGetPet | Thread-Thread[#43,TestNG-PoolService-4,5,main]
[INFO] 2026-04-24 16:55:19 ExtentReportManager.onTestStart() - Test ThreadId: testGetPet - 1204499051
[INFO] 2026-04-24 16:55:19 PetTest.testGetPet() - PetId: 11044
[INFO] 2026-04-24 16:55:19 ExtentReportManager.onTestStart() - TestName: testGetUser | Thread-Thread[#44,TestNG-PoolService-1,5,main]
[INFO] 2026-04-24 16:55:19 ExtentReportManager.onTestStart() - Test ThreadId: testGetUser - 1656973176
[INFO] 2026-04-24 16:55:19 ExtentReportManager.onTestStart() - TestName: testGetUser | Thread-Thread[#48,TestNG-PoolService-5,5,main]
[INFO] 2026-04-24 16:55:19 ExtentReportManager.onTestStart() - Test ThreadId: testGetUser - 458458551
[INFO] 2026-04-24 16:55:22 ExtentReportManager.onTestStart() - TestName: testUpdatePet | Thread-Thread[#52,TestNG-PoolService-4,5,main]
[INFO] 2026-04-24 16:55:22 ExtentReportManager.onTestStart() - TestName: testUpdatePet | Thread-Thread[#50,TestNG-PoolService-2,5,main]
[INFO] 2026-04-24 16:55:22 ExtentReportManager.onTestStart() - Test ThreadId: testUpdatePet - 1251042607
[INFO] 2026-04-24 16:55:22 ExtentReportManager.onTestStart() - TestName: testUpdatePet | Thread-Thread[#49,TestNG-PoolService-1,5,main]
[INFO] 2026-04-24 16:55:22 ExtentReportManager.onTestStart() - Test ThreadId: testUpdatePet - 881025141
[INFO] 2026-04-24 16:55:22 ExtentReportManager.onTestStart() - Test ThreadId: testUpdatePet - 1562196400
[INFO] 2026-04-24 16:55:22 ExtentReportManager.onTestStart() - TestName: testUpdatePet | Thread-Thread[#51,TestNG-PoolService-3,5,main]
[INFO] 2026-04-24 16:55:22 ExtentReportManager.onTestStart() - Test ThreadId: testUpdatePet - 1515207871
[INFO] 2026-04-24 16:55:22 ExtentReportManager.onTestStart() - TestName: testUpdateUser | Thread-Thread[#57,TestNG-PoolService-5,5,main]
[INFO] 2026-04-24 16:55:22 ExtentReportManager.onTestStart() - Test ThreadId: testUpdateUser - 767691705
[INFO] 2026-04-24 16:55:22 ExtentReportManager.onTestStart() - TestName: testUpdateUser | Thread-Thread[#56,TestNG-PoolService-4,5,main]
[INFO] 2026-04-24 16:55:22 ExtentReportManager.onTestStart() - TestName: testUpdateUser | Thread-Thread[#53,TestNG-PoolService-1,5,main]
[INFO] 2026-04-24 16:55:22 ExtentReportManager.onTestStart() - Test ThreadId: testUpdateUser - 75674473
[INFO] 2026-04-24 16:55:22 ExtentReportManager.onTestStart() - Test ThreadId: testUpdateUser - 172561055
[INFO] 2026-04-24 16:55:22 ExtentReportManager.onTestStart() - TestName: testUpdateUser | Thread-Thread[#54,TestNG-PoolService-2,5,main]
[INFO] 2026-04-24 16:55:22 ExtentReportManager.onTestStart() - Test ThreadId: testUpdateUser - 1899848161
[INFO] 2026-04-24 16:55:22 ExtentReportManager.onTestStart() - TestName: testUpdateUser | Thread-Thread[#55,TestNG-PoolService-3,5,main]
[INFO] 2026-04-24 16:55:22 ExtentReportManager.onTestStart() - Test ThreadId: testUpdateUser - 2083207875
[INFO] 2026-04-24 16:55:26 ExtentReportManager.onTestStart() - TestName: testDeletePet | Thread-Thread[#58,TestNG-PoolService-1,5,main]
[INFO] 2026-04-24 16:55:26 ExtentReportManager.onTestStart() - Test ThreadId: testDeletePet - 1340192005
[INFO] 2026-04-24 16:55:26 ExtentReportManager.onTestStart() - TestName: testDeletePet | Thread-Thread[#60,TestNG-PoolService-3,5,main]
[INFO] 2026-04-24 16:55:26 ExtentReportManager.onTestStart() - TestName: testDeletePet | Thread-Thread[#61,TestNG-PoolService-4,5,main]
[INFO] 2026-04-24 16:55:26 ExtentReportManager.onTestStart() - Test ThreadId: testDeletePet - 208940784
[INFO] 2026-04-24 16:55:26 ExtentReportManager.onTestStart() - Test ThreadId: testDeletePet - 1799480654
[INFO] 2026-04-24 16:55:26 ExtentReportManager.onTestStart() - TestName: testDeletePet | Thread-Thread[#59,TestNG-PoolService-2,5,main]
[INFO] 2026-04-24 16:55:26 ExtentReportManager.onTestStart() - Test ThreadId: testDeletePet - 100069630
[INFO] 2026-04-24 16:55:26 ExtentReportManager.onTestStart() - TestName: testDeleteUser | Thread-Thread[#63,TestNG-PoolService-2,5,main]
[INFO] 2026-04-24 16:55:26 ExtentReportManager.onTestStart() - Test ThreadId: testDeleteUser - 843587343
[INFO] 2026-04-24 16:55:26 ExtentReportManager.onTestStart() - TestName: testDeleteUser | Thread-Thread[#62,TestNG-PoolService-1,5,main]
[INFO] 2026-04-24 16:55:26 ExtentReportManager.onTestStart() - TestName: testDeleteUser | Thread-Thread[#64,TestNG-PoolService-3,5,main]
[INFO] 2026-04-24 16:55:26 ExtentReportManager.onTestStart() - Test ThreadId: testDeleteUser - 1108336799
[INFO] 2026-04-24 16:55:26 ExtentReportManager.onTestStart() - TestName: testDeleteUser | Thread-Thread[#66,TestNG-PoolService-5,5,main]
[INFO] 2026-04-24 16:55:26 ExtentReportManager.onTestStart() - Test ThreadId: testDeleteUser - 760271631
[INFO] 2026-04-24 16:55:26 ExtentReportManager.onTestStart() - TestName: testDeleteUser | Thread-Thread[#65,TestNG-PoolService-4,5,main]
[INFO] 2026-04-24 16:55:26 ExtentReportManager.onTestStart() - Test ThreadId: testDeleteUser - 142467489
[INFO] 2026-04-24 16:55:26 ExtentReportManager.onTestStart() - Test ThreadId: testDeleteUser - 620207635
[INFO] 2026-07-18 14:34:49 ExtentReportManager.onTestStart() - Test ThreadId: testCreateUser - 1756413821
[INFO] 2026-07-18 14:34:49 ExtentReportManager.onTestStart() - Test ThreadId: testCreateUser - 1703386227
[INFO] 2026-07-18 14:34:49 ExtentReportManager.onTestStart() - Test ThreadId: testCreateUser - 1508314797
[INFO] 2026-07-18 14:34:49 ExtentReportManager.onTestStart() - Test ThreadId: testCreateUser - 1443079656
[INFO] 2026-07-18 14:34:49 ExtentReportManager.onTestStart() - Test ThreadId: testCreateUser - 1716327743
[INFO] 2026-07-18 14:34:50 ExtentReportManager.onTestStart() - Test ThreadId: testCreatePet - 894665537
[INFO] 2026-07-18 14:34:50 ExtentReportManager.onTestStart() - Test ThreadId: testCreatePet - 447659186
[INFO] 2026-07-18 14:34:50 ExtentReportManager.onTestStart() - Test ThreadId: testCreatePet - 2017054894
[INFO] 2026-07-18 14:34:50 ExtentReportManager.onTestStart() - Test ThreadId: testCreatePet - 816753253
[INFO] 2026-07-18 14:34:50 ExtentReportManager.onTestStart() - Test ThreadId: testCreatePet - 1016059226
[INFO] 2026-07-18 14:34:53 ExtentReportManager.onTestStart() - Test ThreadId: testGetUser - 477315972
[INFO] 2026-07-18 14:34:53 ExtentReportManager.onTestStart() - Test ThreadId: testGetUser - 338757330
[INFO] 2026-07-18 14:34:53 ExtentReportManager.onTestStart() - Test ThreadId: testGetUser - 593273495
[INFO] 2026-07-18 14:34:53 ExtentReportManager.onTestStart() - Test ThreadId: testGetUser - 466564773
[INFO] 2026-07-18 14:34:53 ExtentReportManager.onTestStart() - Test ThreadId: testGetUser - 1913284926
[INFO] 2026-07-18 14:34:54 ExtentReportManager.onTestStart() - Test ThreadId: testGetPet - 1631541972
[INFO] 2026-07-18 14:34:54 ExtentReportManager.onTestStart() - Test ThreadId: testGetPet - 931219307
[INFO] 2026-07-18 14:34:54 ExtentReportManager.onTestStart() - Test ThreadId: testGetPet - 1306106451
[INFO] 2026-07-18 14:34:54 ExtentReportManager.onTestStart() - Test ThreadId: testGetPet - 472034102
[INFO] 2026-07-18 14:34:54 ExtentReportManager.onTestStart() - Test ThreadId: testGetPet - 536032558
[INFO] 2026-07-18 14:34:56 ExtentReportManager.onTestStart() - Test ThreadId: testUpdateUser - 2032203822
[INFO] 2026-07-18 14:34:56 ExtentReportManager.onTestStart() - Test ThreadId: testUpdateUser - 700569529
[INFO] 2026-07-18 14:34:56 ExtentReportManager.onTestStart() - Test ThreadId: testUpdateUser - 1029212991
[INFO] 2026-07-18 14:34:56 ExtentReportManager.onTestStart() - Test ThreadId: testUpdateUser - 1390610291
[INFO] 2026-07-18 14:34:56 ExtentReportManager.onTestStart() - Test ThreadId: testUpdateUser - 586864647
[INFO] 2026-07-18 14:34:56 ExtentReportManager.onTestStart() - Test ThreadId: testUpdatePet - 1958108162
[INFO] 2026-07-18 14:34:56 ExtentReportManager.onTestStart() - Test ThreadId: testUpdatePet - 59009991
[INFO] 2026-07-18 14:34:56 ExtentReportManager.onTestStart() - Test ThreadId: testUpdatePet - 92675628
[INFO] 2026-07-18 14:34:56 ExtentReportManager.onTestStart() - Test ThreadId: testUpdatePet - 1378202763
[INFO] 2026-07-18 14:34:56 ExtentReportManager.onTestStart() - Test ThreadId: testUpdatePet - 1057815974
[INFO] 2026-07-18 14:35:00 ExtentReportManager.onTestStart() - Test ThreadId: testDeletePet - 1957637567
[INFO] 2026-07-18 14:35:00 ExtentReportManager.onTestStart() - Test ThreadId: testDeletePet - 2078288295
[INFO] 2026-07-18 14:35:00 ExtentReportManager.onTestStart() - Test ThreadId: testDeletePet - 1882661583
[INFO] 2026-07-18 14:35:00 ExtentReportManager.onTestStart() - Test ThreadId: testDeletePet - 415893587
[INFO] 2026-07-18 14:35:00 ExtentReportManager.onTestStart() - Test ThreadId: testDeletePet - 728425102
[INFO] 2026-07-18 14:35:00 ExtentReportManager.onTestStart() - Test ThreadId: testDeleteUser - 1684928375
[INFO] 2026-07-18 14:35:00 ExtentReportManager.onTestStart() - Test ThreadId: testDeleteUser - 236881854
[INFO] 2026-07-18 14:35:00 ExtentReportManager.onTestStart() - Test ThreadId: testDeleteUser - 1422493726
[INFO] 2026-07-18 14:35:00 ExtentReportManager.onTestStart() - Test ThreadId: testDeleteUser - 2099605625
[INFO] 2026-07-18 14:35:00 ExtentReportManager.onTestStart() - Test ThreadId: testDeleteUser - 1276357814
[INFO] 2026-07-18 15:12:52 ExtentReportManager.onTestStart() - Test ThreadId: testCreateUser - 1753933702
[INFO] 2026-07-18 15:12:52 ExtentReportManager.onTestStart() - Test ThreadId: testCreateUser - 1638393124
[INFO] 2026-07-18 15:12:52 ExtentReportManager.onTestStart() - Test ThreadId: testCreateUser - 1443079656
[INFO] 2026-07-18 15:12:52 ExtentReportManager.onTestStart() - Test ThreadId: testCreateUser - 1919694465
[INFO] 2026-07-18 15:12:52 ExtentReportManager.onTestStart() - Test ThreadId: testCreateUser - 1890460331
[INFO] 2026-07-18 15:12:52 ExtentReportManager.onTestStart() - Test ThreadId: testCreatePet - 652538165
[INFO] 2026-07-18 15:12:52 ExtentReportManager.onTestStart() - Test ThreadId: testCreatePet - 785319835
[INFO] 2026-07-18 15:12:52 ExtentReportManager.onTestStart() - Test ThreadId: testCreatePet - 935266495
[INFO] 2026-07-18 15:12:52 ExtentReportManager.onTestStart() - Test ThreadId: testCreatePet - 437795273
[INFO] 2026-07-18 15:12:52 ExtentReportManager.onTestStart() - Test ThreadId: testCreatePet - 28307856
[INFO] 2026-07-18 15:12:56 ExtentReportManager.onTestStart() - Test ThreadId: testGetUser - 1700523192
[INFO] 2026-07-18 15:12:56 ExtentReportManager.onTestStart() - Test ThreadId: testGetUser - 748485502
[INFO] 2026-07-18 15:12:56 ExtentReportManager.onTestStart() - Test ThreadId: testGetUser - 1852340262
[INFO] 2026-07-18 15:12:56 ExtentReportManager.onTestStart() - Test ThreadId: testGetUser - 547638550
[INFO] 2026-07-18 15:12:56 ExtentReportManager.onTestStart() - Test ThreadId: testGetUser - 1220718879
[INFO] 2026-07-18 15:12:56 ExtentReportManager.onTestStart() - Test ThreadId: testGetPet - 795421711
[INFO] 2026-07-18 15:12:56 ExtentReportManager.onTestStart() - Test ThreadId: testGetPet - 351879500
[INFO] 2026-07-18 15:12:56 ExtentReportManager.onTestStart() - Test ThreadId: testGetPet - 1143461760
[INFO] 2026-07-18 15:12:56 ExtentReportManager.onTestStart() - Test ThreadId: testGetPet - 660653008
[INFO] 2026-07-18 15:12:56 ExtentReportManager.onTestStart() - Test ThreadId: testGetPet - 1959334095
[INFO] 2026-07-18 15:12:59 ExtentReportManager.onTestStart() - Test ThreadId: testUpdatePet - 662542701
[INFO] 2026-07-18 15:12:59 ExtentReportManager.onTestStart() - Test ThreadId: testUpdatePet - 1573324811
[INFO] 2026-07-18 15:12:59 ExtentReportManager.onTestStart() - Test ThreadId: testUpdatePet - 2055502390
[INFO] 2026-07-18 15:12:59 ExtentReportManager.onTestStart() - Test ThreadId: testUpdatePet - 670007518
[INFO] 2026-07-18 15:12:59 ExtentReportManager.onTestStart() - Test ThreadId: testUpdatePet - 1600905310
[INFO] 2026-07-18 15:12:59 ExtentReportManager.onTestStart() - Test ThreadId: testUpdateUser - 888016697
[INFO] 2026-07-18 15:12:59 ExtentReportManager.onTestStart() - Test ThreadId: testUpdateUser - 840727264
[INFO] 2026-07-18 15:12:59 ExtentReportManager.onTestStart() - Test ThreadId: testUpdateUser - 2018299382
[INFO] 2026-07-18 15:12:59 ExtentReportManager.onTestStart() - Test ThreadId: testUpdateUser - 1572609976
[INFO] 2026-07-18 15:12:59 ExtentReportManager.onTestStart() - Test ThreadId: testUpdateUser - 508193653
[INFO] 2026-07-18 15:13:03 ExtentReportManager.onTestStart() - Test ThreadId: testDeletePet - 1136444540
[INFO] 2026-07-18 15:13:03 ExtentReportManager.onTestStart() - Test ThreadId: testDeletePet - 763126830
[INFO] 2026-07-18 15:13:03 ExtentReportManager.onTestStart() - Test ThreadId: testDeletePet - 700551938
[INFO] 2026-07-18 15:13:03 ExtentReportManager.onTestStart() - Test ThreadId: testDeletePet - 1817539994
[INFO] 2026-07-18 15:13:03 ExtentReportManager.onTestStart() - Test ThreadId: testDeletePet - 944225313
[INFO] 2026-07-18 15:13:03 ExtentReportManager.onTestStart() - Test ThreadId: testDeleteUser - 372183293
[INFO] 2026-07-18 15:13:03 ExtentReportManager.onTestStart() - Test ThreadId: testDeleteUser - 975972120
[INFO] 2026-07-18 15:13:03 ExtentReportManager.onTestStart() - Test ThreadId: testDeleteUser - 1378649828
[INFO] 2026-07-18 15:13:03 ExtentReportManager.onTestStart() - Test ThreadId: testDeleteUser - 1259480164
[INFO] 2026-07-18 15:13:03 ExtentReportManager.onTestStart() - Test ThreadId: testDeleteUser - 1275920802
[INFO] 2026-07-18 15:55:14 ExtentReportManager.onTestStart() - Test ThreadId: testCreatePet - 1059955060
[INFO] 2026-07-18 15:55:14 ExtentReportManager.onTestStart() - Test ThreadId: testCreatePet - 1161658121
[INFO] 2026-07-18 15:55:14 ExtentReportManager.onTestStart() - Test ThreadId: testCreatePet - 1526401516
[INFO] 2026-07-18 15:55:14 ExtentReportManager.onTestStart() - Test ThreadId: testCreatePet - 109105093
[INFO] 2026-07-18 15:55:14 ExtentReportManager.onTestStart() - Test ThreadId: testCreatePet - 1199250876
[INFO] 2026-07-18 15:55:17 ExtentReportManager.onTestStart() - Test ThreadId: testGetPet - 1942189610
[INFO] 2026-07-18 15:55:17 ExtentReportManager.onTestStart() - Test ThreadId: testGetPet - 560798177
[INFO] 2026-07-18 15:55:17 ExtentReportManager.onTestStart() - Test ThreadId: testGetPet - 1327513429
[INFO] 2026-07-18 15:55:17 ExtentReportManager.onTestStart() - Test ThreadId: testGetPet - 1881556171
[INFO] 2026-07-18 15:55:17 ExtentReportManager.onTestStart() - Test ThreadId: testGetPet - 660308035
[INFO] 2026-07-18 15:55:19 ExtentReportManager.onTestStart() - Test ThreadId: testUpdatePet - 1517657621
[INFO] 2026-07-18 15:55:19 ExtentReportManager.onTestStart() - Test ThreadId: testUpdatePet - 527161328
[INFO] 2026-07-18 15:55:19 ExtentReportManager.onTestStart() - Test ThreadId: testUpdatePet - 2032391052
[INFO] 2026-07-18 15:55:19 ExtentReportManager.onTestStart() - Test ThreadId: testUpdatePet - 470470922
[INFO] 2026-07-18 15:55:19 ExtentReportManager.onTestStart() - Test ThreadId: testUpdatePet - 1650385682
[INFO] 2026-07-18 15:55:23 ExtentReportManager.onTestStart() - Test ThreadId: testDeletePet - 292599555
[INFO] 2026-07-18 15:55:23 ExtentReportManager.onTestStart() - Test ThreadId: testDeletePet - 1754502067
[INFO] 2026-07-18 15:55:23 ExtentReportManager.onTestStart() - Test ThreadId: testDeletePet - 1826747327
[INFO] 2026-07-18 15:55:23 ExtentReportManager.onTestStart() - Test ThreadId: testDeletePet - 764195694
[INFO] 2026-07-18 15:55:23 ExtentReportManager.onTestStart() - Test ThreadId: testDeletePet - 622455350
[INFO] 2026-07-18 15:56:48 ExtentReportManager.onTestStart() - Test ThreadId: testCreatePet - 460086602
[INFO] 2026-07-18 15:56:48 ExtentReportManager.onTestStart() - Test ThreadId: testCreatePet - 577616696
[INFO] 2026-07-18 15:56:48 ExtentReportManager.onTestStart() - Test ThreadId: testCreatePet - 1402748513
[INFO] 2026-07-18 15:56:48 ExtentReportManager.onTestStart() - Test ThreadId: testCreatePet - 374395613
[INFO] 2026-07-18 15:56:48 ExtentReportManager.onTestStart() - Test ThreadId: testCreatePet - 1589941996
[INFO] 2026-07-18 15:56:52 ExtentReportManager.onTestStart() - Test ThreadId: testGetPet - 931561065
[INFO] 2026-07-18 15:56:52 ExtentReportManager.onTestStart() - Test ThreadId: testGetPet - 1872045834
[INFO] 2026-07-18 15:56:52 ExtentReportManager.onTestStart() - Test ThreadId: testGetPet - 1092475491
[INFO] 2026-07-18 15:56:52 ExtentReportManager.onTestStart() - Test ThreadId: testGetPet - 52445743
[INFO] 2026-07-18 15:56:52 ExtentReportManager.onTestStart() - Test ThreadId: testGetPet - 378159152
[INFO] 2026-07-18 15:56:54 ExtentReportManager.onTestStart() - Test ThreadId: testUpdatePet - 1797121715
[INFO] 2026-07-18 15:56:54 ExtentReportManager.onTestStart() - Test ThreadId: testUpdatePet - 282561966
[INFO] 2026-07-18 15:56:54 ExtentReportManager.onTestStart() - Test ThreadId: testUpdatePet - 382818084
[INFO] 2026-07-18 15:56:54 ExtentReportManager.onTestStart() - Test ThreadId: testUpdatePet - 1606921323
[INFO] 2026-07-18 15:56:54 ExtentReportManager.onTestStart() - Test ThreadId: testUpdatePet - 1780694644
[INFO] 2026-07-18 15:56:57 ExtentReportManager.onTestStart() - Test ThreadId: testDeletePet - 698566433
[INFO] 2026-07-18 15:56:57 ExtentReportManager.onTestStart() - Test ThreadId: testDeletePet - 645224629
[INFO] 2026-07-18 15:56:57 ExtentReportManager.onTestStart() - Test ThreadId: testDeletePet - 55123547
[INFO] 2026-07-18 15:56:57 ExtentReportManager.onTestStart() - Test ThreadId: testDeletePet - 1706452761
[INFO] 2026-07-18 15:56:57 ExtentReportManager.onTestStart() - Test ThreadId: testDeletePet - 410406382
[INFO] 2026-07-18 16:11:44 ExtentReportManager.onTestStart() - Test ThreadId: testCreatePet - 1987915252
[INFO] 2026-07-18 16:11:44 ExtentReportManager.onTestStart() - Test ThreadId: testCreatePet - 287391554
[INFO] 2026-07-18 16:11:44 ExtentReportManager.onTestStart() - Test ThreadId: testCreatePet - 712077933
[INFO] 2026-07-18 16:11:44 ExtentReportManager.onTestStart() - Test ThreadId: testCreatePet - 1966029537
[INFO] 2026-07-18 16:11:44 ExtentReportManager.onTestStart() - Test ThreadId: testCreatePet - 1378072790
[INFO] 2026-07-18 16:11:44 ExtentReportManager.onTestStart() - Test ThreadId: testCreateUser - 1750114960
[INFO] 2026-07-18 16:11:44 ExtentReportManager.onTestStart() - Test ThreadId: testCreateUser - 1067441937
[INFO] 2026-07-18 16:11:44 ExtentReportManager.onTestStart() - Test ThreadId: testCreateUser - 425544315
[INFO] 2026-07-18 16:11:44 ExtentReportManager.onTestStart() - Test ThreadId: testCreateUser - 1382410333
[INFO] 2026-07-18 16:11:44 ExtentReportManager.onTestStart() - Test ThreadId: testCreateUser - 1932640764
[INFO] 2026-07-18 16:11:48 ExtentReportManager.onTestStart() - Test ThreadId: testGetPet - 1319232388
[INFO] 2026-07-18 16:11:48 ExtentReportManager.onTestStart() - Test ThreadId: testGetPet - 1817837205
[INFO] 2026-07-18 16:11:48 ExtentReportManager.onTestStart() - Test ThreadId: testGetPet - 186185209
[INFO] 2026-07-18 16:11:48 ExtentReportManager.onTestStart() - Test ThreadId: testGetPet - 1984902296
[INFO] 2026-07-18 16:11:48 ExtentReportManager.onTestStart() - Test ThreadId: testGetUser - 966634907
[INFO] 2026-07-18 16:11:48 ExtentReportManager.onTestStart() - Test ThreadId: testGetPet - 1818625596
[INFO] 2026-07-18 16:11:48 ExtentReportManager.onTestStart() - Test ThreadId: testGetUser - 958828245
[INFO] 2026-07-18 16:11:49 ExtentReportManager.onTestStart() - Test ThreadId: testGetUser - 416962604
[INFO] 2026-07-18 16:11:49 ExtentReportManager.onTestStart() - Test ThreadId: testGetUser - 1777982184
[INFO] 2026-07-18 16:11:49 ExtentReportManager.onTestStart() - Test ThreadId: testGetUser - 1568512885
[INFO] 2026-07-18 16:11:51 ExtentReportManager.onTestStart() - Test ThreadId: testUpdateUser - 1852647060
[INFO] 2026-07-18 16:11:51 ExtentReportManager.onTestStart() - Test ThreadId: testUpdateUser - 228144411
[INFO] 2026-07-18 16:11:51 ExtentReportManager.onTestStart() - Test ThreadId: testUpdateUser - 1392165869
[INFO] 2026-07-18 16:11:51 ExtentReportManager.onTestStart() - Test ThreadId: testUpdateUser - 839178855
[INFO] 2026-07-18 16:11:51 ExtentReportManager.onTestStart() - Test ThreadId: testUpdateUser - 517767176
[INFO] 2026-07-18 16:11:51 ExtentReportManager.onTestStart() - Test ThreadId: testUpdatePet - 774855654
[INFO] 2026-07-18 16:11:51 ExtentReportManager.onTestStart() - Test ThreadId: testUpdatePet - 388505164
[INFO] 2026-07-18 16:11:51 ExtentReportManager.onTestStart() - Test ThreadId: testUpdatePet - 1835541494
[INFO] 2026-07-18 16:11:51 ExtentReportManager.onTestStart() - Test ThreadId: testUpdatePet - 972748109
[INFO] 2026-07-18 16:11:51 ExtentReportManager.onTestStart() - Test ThreadId: testUpdatePet - 1161555976
[INFO] 2026-07-18 16:11:54 ExtentReportManager.onTestStart() - Test ThreadId: testDeletePet - 1536985854
[INFO] 2026-07-18 16:11:54 ExtentReportManager.onTestStart() - Test ThreadId: testDeletePet - 1593489632
[INFO] 2026-07-18 16:11:54 ExtentReportManager.onTestStart() - Test ThreadId: testDeletePet - 2138363613
[INFO] 2026-07-18 16:11:54 ExtentReportManager.onTestStart() - Test ThreadId: testDeletePet - 1378536738
[INFO] 2026-07-18 16:11:54 ExtentReportManager.onTestStart() - Test ThreadId: testDeletePet - 711022420
[INFO] 2026-07-18 16:11:55 ExtentReportManager.onTestStart() - Test ThreadId: testDeleteUser - 134142111
[INFO] 2026-07-18 16:11:55 ExtentReportManager.onTestStart() - Test ThreadId: testDeleteUser - 1083222159
[INFO] 2026-07-18 16:11:55 ExtentReportManager.onTestStart() - Test ThreadId: testDeleteUser - 991337703
[INFO] 2026-07-18 16:11:55 ExtentReportManager.onTestStart() - Test ThreadId: testDeleteUser - 561866744
[INFO] 2026-07-18 16:11:55 ExtentReportManager.onTestStart() - Test ThreadId: testDeleteUser - 1655453553
[INFO] 2026-07-18 16:16:49 ExtentReportManager.onTestStart() - Test ThreadId: testCreatePet - 224339571
[INFO] 2026-07-18 16:16:49 ExtentReportManager.onTestStart() - Test ThreadId: testCreateUser - 1520248010
[INFO] 2026-07-18 16:16:49 ExtentReportManager.onTestStart() - Test ThreadId: testCreateUser - 57980706
[INFO] 2026-07-18 16:16:49 ExtentReportManager.onTestStart() - Test ThreadId: testCreatePet - 2091632316
[INFO] 2026-07-18 16:16:49 ExtentReportManager.onTestStart() - Test ThreadId: testCreateUser - 1930185629
[INFO] 2026-07-18 16:16:49 ExtentReportManager.onTestStart() - Test ThreadId: testCreatePet - 373153460
[INFO] 2026-07-18 16:16:49 ExtentReportManager.onTestStart() - Test ThreadId: testCreateUser - 1101408900
[INFO] 2026-07-18 16:16:49 ExtentReportManager.onTestStart() - Test ThreadId: testCreatePet - 245402177
[INFO] 2026-07-18 16:16:49 ExtentReportManager.onTestStart() - Test ThreadId: testCreateUser - 53491432
[INFO] 2026-07-18 16:16:49 ExtentReportManager.onTestStart() - Test ThreadId: testCreatePet - 1987915252
[INFO] 2026-07-18 16:16:53 ExtentReportManager.onTestStart() - Test ThreadId: testGetPet - 665651937
[INFO] 2026-07-18 16:16:53 ExtentReportManager.onTestStart() - Test ThreadId: testGetUser - 1365349333
[INFO] 2026-07-18 16:16:54 ExtentReportManager.onTestStart() - Test ThreadId: testGetUser - 1142543128
[INFO] 2026-07-18 16:16:54 ExtentReportManager.onTestStart() - Test ThreadId: testGetUser - 864165417
[INFO] 2026-07-18 16:16:54 ExtentReportManager.onTestStart() - Test ThreadId: testGetPet - 1990055116
[INFO] 2026-07-18 16:16:54 ExtentReportManager.onTestStart() - Test ThreadId: testGetPet - 1687741466
[INFO] 2026-07-18 16:16:54 ExtentReportManager.onTestStart() - Test ThreadId: testGetPet - 1265451335
[INFO] 2026-07-18 16:16:54 ExtentReportManager.onTestStart() - Test ThreadId: testGetUser - 526138109
[INFO] 2026-07-18 16:16:54 ExtentReportManager.onTestStart() - Test ThreadId: testGetPet - 1998725820
[INFO] 2026-07-18 16:16:54 ExtentReportManager.onTestStart() - Test ThreadId: testGetUser - 422529695
[INFO] 2026-07-18 16:16:56 ExtentReportManager.onTestStart() - Test ThreadId: testUpdatePet - 1549415019
[INFO] 2026-07-18 16:16:56 ExtentReportManager.onTestStart() - Test ThreadId: testUpdatePet - 1524638199
[INFO] 2026-07-18 16:16:56 ExtentReportManager.onTestStart() - Test ThreadId: testUpdatePet - 1989237953
[INFO] 2026-07-18 16:16:56 ExtentReportManager.onTestStart() - Test ThreadId: testUpdatePet - 431822345
[INFO] 2026-07-18 16:16:56 ExtentReportManager.onTestStart() - Test ThreadId: testUpdatePet - 1680249948
[INFO] 2026-07-18 16:16:56 ExtentReportManager.onTestStart() - Test ThreadId: testUpdateUser - 556365452
[INFO] 2026-07-18 16:16:56 ExtentReportManager.onTestStart() - Test ThreadId: testUpdateUser - 588582210
[INFO] 2026-07-18 16:16:56 ExtentReportManager.onTestStart() - Test ThreadId: testUpdateUser - 1741130301
[INFO] 2026-07-18 16:16:56 ExtentReportManager.onTestStart() - Test ThreadId: testUpdateUser - 2023280961
[INFO] 2026-07-18 16:16:56 ExtentReportManager.onTestStart() - Test ThreadId: testUpdateUser - 1474413608
[INFO] 2026-07-18 16:17:01 ExtentReportManager.onTestStart() - Test ThreadId: testDeletePet - 711602079
[INFO] 2026-07-18 16:17:01 ExtentReportManager.onTestStart() - Test ThreadId: testDeletePet - 1235538773
[INFO] 2026-07-18 16:17:01 ExtentReportManager.onTestStart() - Test ThreadId: testDeletePet - 2094330272
[INFO] 2026-07-18 16:17:01 ExtentReportManager.onTestStart() - Test ThreadId: testDeletePet - 1445520637
[INFO] 2026-07-18 16:17:01 ExtentReportManager.onTestStart() - Test ThreadId: testDeletePet - 792692359
[INFO] 2026-07-18 16:17:01 ExtentReportManager.onTestStart() - Test ThreadId: testDeleteUser - 1689686328
[INFO] 2026-07-18 16:17:01 ExtentReportManager.onTestStart() - Test ThreadId: testDeleteUser - 323168689
[INFO] 2026-07-18 16:17:01 ExtentReportManager.onTestStart() - Test ThreadId: testDeleteUser - 763084647
[INFO] 2026-07-18 16:17:01 ExtentReportManager.onTestStart() - Test ThreadId: testDeleteUser - 17524196
[INFO] 2026-07-18 16:17:01 ExtentReportManager.onTestStart() - Test ThreadId: testDeleteUser - 2134589920
[INFO] 2026-07-18 20:46:31 ExtentReportManager.onTestStart() - Test ThreadId: testCreatePet - 887177484
[INFO] 2026-07-18 20:46:31 ExtentReportManager.onTestStart() - Test ThreadId: testCreatePet - 528176983
[INFO] 2026-07-18 20:46:31 ExtentReportManager.onTestStart() - Test ThreadId: testCreateUser - 2063418058
[INFO] 2026-07-18 20:46:31 ExtentReportManager.onTestStart() - Test ThreadId: testCreateUser - 112396810
[INFO] 2026-07-18 20:46:31 ExtentReportManager.onTestStart() - Test ThreadId: testCreateUser - 1009279118
[INFO] 2026-07-18 20:46:31 ExtentReportManager.onTestStart() - Test ThreadId: testCreatePet - 259553367
[INFO] 2026-07-18 20:46:31 ExtentReportManager.onTestStart() - Test ThreadId: testCreatePet - 1996886678
[INFO] 2026-07-18 20:46:31 ExtentReportManager.onTestStart() - Test ThreadId: testCreateUser - 296926033
[INFO] 2026-07-18 20:46:31 ExtentReportManager.onTestStart() - Test ThreadId: testCreatePet - 476365436
[INFO] 2026-07-18 20:46:31 ExtentReportManager.onTestStart() - Test ThreadId: testCreateUser - 1387380053
[INFO] 2026-07-18 20:46:35 ExtentReportManager.onTestStart() - Test ThreadId: testGetUser - 335299763
[INFO] 2026-07-18 20:46:35 ExtentReportManager.onTestStart() - Test ThreadId: testGetUser - 154130055
[INFO] 2026-07-18 20:46:35 ExtentReportManager.onTestStart() - Test ThreadId: testGetUser - 1653859513
[INFO] 2026-07-18 20:46:35 ExtentReportManager.onTestStart() - Test ThreadId: testGetUser - 270376708
[INFO] 2026-07-18 20:46:35 ExtentReportManager.onTestStart() - Test ThreadId: testGetPet - 1291339351
[INFO] 2026-07-18 20:46:35 ExtentReportManager.onTestStart() - Test ThreadId: testGetUser - 933067819
[INFO] 2026-07-18 20:46:35 ExtentReportManager.onTestStart() - Test ThreadId: testGetPet - 1040972410
[INFO] 2026-07-18 20:46:35 ExtentReportManager.onTestStart() - Test ThreadId: testGetPet - 601219844
[INFO] 2026-07-18 20:46:35 ExtentReportManager.onTestStart() - Test ThreadId: testGetPet - 1536399082
[INFO] 2026-07-18 20:46:35 ExtentReportManager.onTestStart() - Test ThreadId: testGetPet - 809805368
[INFO] 2026-07-18 20:46:38 ExtentReportManager.onTestStart() - Test ThreadId: testUpdatePet - 1894511792
[INFO] 2026-07-18 20:46:38 ExtentReportManager.onTestStart() - Test ThreadId: testUpdatePet - 537470828
[INFO] 2026-07-18 20:46:38 ExtentReportManager.onTestStart() - Test ThreadId: testUpdatePet - 1608145865
[INFO] 2026-07-18 20:46:38 ExtentReportManager.onTestStart() - Test ThreadId: testUpdatePet - 331460645
[INFO] 2026-07-18 20:46:38 ExtentReportManager.onTestStart() - Test ThreadId: testUpdateUser - 1855002611
[INFO] 2026-07-18 20:46:38 ExtentReportManager.onTestStart() - Test ThreadId: testUpdatePet - 2040577748
[INFO] 2026-07-18 20:46:38 ExtentReportManager.onTestStart() - Test ThreadId: testUpdateUser - 1694557922
[INFO] 2026-07-18 20:46:38 ExtentReportManager.onTestStart() - Test ThreadId: testUpdateUser - 677241958
[INFO] 2026-07-18 20:46:38 ExtentReportManager.onTestStart() - Test ThreadId: testUpdateUser - 1100826478
[INFO] 2026-07-18 20:46:38 ExtentReportManager.onTestStart() - Test ThreadId: testUpdateUser - 777289080
[INFO] 2026-07-18 20:46:42 ExtentReportManager.onTestStart() - Test ThreadId: testDeleteUser - 1005568483
[INFO] 2026-07-18 20:46:42 ExtentReportManager.onTestStart() - Test ThreadId: testDeleteUser - 722080582
[INFO] 2026-07-18 20:46:42 ExtentReportManager.onTestStart() - Test ThreadId: testDeleteUser - 1958202329
[INFO] 2026-07-18 20:46:42 ExtentReportManager.onTestStart() - Test ThreadId: testDeleteUser - 71056221
[INFO] 2026-07-18 20:46:42 ExtentReportManager.onTestStart() - Test ThreadId: testDeleteUser - 1559032682
[INFO] 2026-07-18 20:46:42 ExtentReportManager.onTestStart() - Test ThreadId: testDeletePet - 109442318
[INFO] 2026-07-18 20:46:42 ExtentReportManager.onTestStart() - Test ThreadId: testDeletePet - 253311497
[INFO] 2026-07-18 20:46:42 ExtentReportManager.onTestStart() - Test ThreadId: testDeletePet - 1355662834
[INFO] 2026-07-18 20:46:42 ExtentReportManager.onTestStart() - Test ThreadId: testDeletePet - 2057260065
[INFO] 2026-07-18 20:46:42 ExtentReportManager.onTestStart() - Test ThreadId: testDeletePet - 817203566
[INFO] 2026-07-18 21:02:59 ExtentReportManager.onTestStart() - Test ThreadId: testCreatePet - 42769924
[INFO] 2026-07-18 21:02:59 ExtentReportManager.onTestStart() - Test ThreadId: testCreatePet - 115230590
[INFO] 2026-07-18 21:02:59 ExtentReportManager.onTestStart() - Test ThreadId: testCreatePet - 1732420393
[INFO] 2026-07-18 21:02:59 ExtentReportManager.onTestStart() - Test ThreadId: testCreatePet - 1186997419
[INFO] 2026-07-18 21:02:59 ExtentReportManager.onTestStart() - Test ThreadId: testCreatePet - 758363712
[INFO] 2026-07-18 21:02:59 ExtentReportManager.onTestStart() - Test ThreadId: testCreateUser - 1817678332
[INFO] 2026-07-18 21:02:59 ExtentReportManager.onTestStart() - Test ThreadId: testCreateUser - 1814233336
[INFO] 2026-07-18 21:02:59 ExtentReportManager.onTestStart() - Test ThreadId: testCreateUser - 884375123
[INFO] 2026-07-18 21:02:59 ExtentReportManager.onTestStart() - Test ThreadId: testCreateUser - 1716200670
[INFO] 2026-07-18 21:02:59 ExtentReportManager.onTestStart() - Test ThreadId: testCreateUser - 2017271861
[INFO] 2026-07-18 21:03:03 ExtentReportManager.onTestStart() - Test ThreadId: testGetUser - 645803591
[INFO] 2026-07-18 21:03:03 ExtentReportManager.onTestStart() - Test ThreadId: testGetUser - 250217574
[INFO] 2026-07-18 21:03:03 ExtentReportManager.onTestStart() - Test ThreadId: testGetUser - 1689859614
[INFO] 2026-07-18 21:03:03 ExtentReportManager.onTestStart() - Test ThreadId: testGetUser - 1819918518
[INFO] 2026-07-18 21:03:03 ExtentReportManager.onTestStart() - Test ThreadId: testGetUser - 1105048282
[INFO] 2026-07-18 21:03:03 ExtentReportManager.onTestStart() - Test ThreadId: testGetPet - 226832283
[INFO] 2026-07-18 21:03:03 ExtentReportManager.onTestStart() - Test ThreadId: testGetPet - 387045830
[INFO] 2026-07-18 21:03:03 ExtentReportManager.onTestStart() - Test ThreadId: testGetPet - 1076190513
[INFO] 2026-07-18 21:03:03 ExtentReportManager.onTestStart() - Test ThreadId: testGetPet - 606027078
[INFO] 2026-07-18 21:03:03 ExtentReportManager.onTestStart() - Test ThreadId: testGetPet - 52641093
[INFO] 2026-07-18 21:03:05 ExtentReportManager.onTestStart() - Test ThreadId: testUpdateUser - 14834438
[INFO] 2026-07-18 21:03:05 ExtentReportManager.onTestStart() - Test ThreadId: testUpdateUser - 137348009
[INFO] 2026-07-18 21:03:05 ExtentReportManager.onTestStart() - Test ThreadId: testUpdateUser - 789225076
[INFO] 2026-07-18 21:03:05 ExtentReportManager.onTestStart() - Test ThreadId: testUpdateUser - 129929955
[INFO] 2026-07-18 21:03:05 ExtentReportManager.onTestStart() - Test ThreadId: testUpdateUser - 193766972
[INFO] 2026-07-18 21:03:05 ExtentReportManager.onTestStart() - Test ThreadId: testUpdatePet - 1881108354
[INFO] 2026-07-18 21:03:05 ExtentReportManager.onTestStart() - Test ThreadId: testUpdatePet - 767095775
[INFO] 2026-07-18 21:03:05 ExtentReportManager.onTestStart() - Test ThreadId: testUpdatePet - 37552532
[INFO] 2026-07-18 21:03:06 ExtentReportManager.onTestStart() - Test ThreadId: testUpdatePet - 811788695
[INFO] 2026-07-18 21:03:05 ExtentReportManager.onTestStart() - Test ThreadId: testUpdatePet - 895485479
[INFO] 2026-07-18 21:03:07 ExtentReportManager.onTestStart() - Test ThreadId: testDeletePet - 1692937542
[INFO] 2026-07-18 21:03:07 ExtentReportManager.onTestStart() - Test ThreadId: testDeletePet - 1328342488
[INFO] 2026-07-18 21:03:07 ExtentReportManager.onTestStart() - Test ThreadId: testDeletePet - 703185110
[INFO] 2026-07-18 21:03:07 ExtentReportManager.onTestStart() - Test ThreadId: testDeletePet - 87332518
[INFO] 2026-07-18 21:03:07 ExtentReportManager.onTestStart() - Test ThreadId: testDeletePet - 614284789
[INFO] 2026-07-18 21:03:08 ExtentReportManager.onTestStart() - Test ThreadId: testDeleteUser - 238478103
[INFO] 2026-07-18 21:03:08 ExtentReportManager.onTestStart() - Test ThreadId: testDeleteUser - 1471924053
[INFO] 2026-07-18 21:03:08 ExtentReportManager.onTestStart() - Test ThreadId: testDeleteUser - 298793121
[INFO] 2026-07-18 21:03:08 ExtentReportManager.onTestStart() - Test ThreadId: testDeleteUser - 1507826284
[INFO] 2026-07-18 21:03:08 ExtentReportManager.onTestStart() - Test ThreadId: testDeleteUser - 744268612
[INFO] 2026-07-18 21:13:12 ExtentReportManager.onTestStart() - Test ThreadId: testCreatePet - 1843952457
[INFO] 2026-07-18 21:13:12 ExtentReportManager.onTestStart() - Test ThreadId: testCreatePet - 792466634
[INFO] 2026-07-18 21:13:12 ExtentReportManager.onTestStart() - Test ThreadId: testCreatePet - 1811939651
[INFO] 2026-07-18 21:13:12 ExtentReportManager.onTestStart() - Test ThreadId: testCreatePet - 550257893
[INFO] 2026-07-18 21:13:12 ExtentReportManager.onTestStart() - Test ThreadId: testCreatePet - 219121842
[INFO] 2026-07-18 21:13:12 ExtentReportManager.onTestStart() - Test ThreadId: testCreateUser - 1402961439
[INFO] 2026-07-18 21:13:12 ExtentReportManager.onTestStart() - Test ThreadId: testCreateUser - 812090887
[INFO] 2026-07-18 21:13:12 ExtentReportManager.onTestStart() - Test ThreadId: testCreateUser - 1573191338
[INFO] 2026-07-18 21:13:12 ExtentReportManager.onTestStart() - Test ThreadId: testCreateUser - 1292053023
[INFO] 2026-07-18 21:13:12 ExtentReportManager.onTestStart() - Test ThreadId: testCreateUser - 1790051619
[INFO] 2026-07-18 21:13:15 ExtentReportManager.onTestStart() - Test ThreadId: testGetPet - 320851983
[INFO] 2026-07-18 21:13:15 ExtentReportManager.onTestStart() - Test ThreadId: testGetPet - 1734060847
[INFO] 2026-07-18 21:13:15 ExtentReportManager.onTestStart() - Test ThreadId: testGetPet - 676758913
[INFO] 2026-07-18 21:13:15 ExtentReportManager.onTestStart() - Test ThreadId: testGetPet - 456957830
[INFO] 2026-07-18 21:13:15 ExtentReportManager.onTestStart() - Test ThreadId: testGetUser - 1483475422
[INFO] 2026-07-18 21:13:15 ExtentReportManager.onTestStart() - Test ThreadId: testGetPet - 1353256668
[INFO] 2026-07-18 21:13:15 ExtentReportManager.onTestStart() - Test ThreadId: testGetUser - 71252798
[INFO] 2026-07-18 21:13:15 ExtentReportManager.onTestStart() - Test ThreadId: testGetUser - 391593096
[INFO] 2026-07-18 21:13:15 ExtentReportManager.onTestStart() - Test ThreadId: testGetUser - 1344575233
[INFO] 2026-07-18 21:13:15 ExtentReportManager.onTestStart() - Test ThreadId: testGetUser - 1047467913
[INFO] 2026-07-18 21:13:18 ExtentReportManager.onTestStart() - Test ThreadId: testUpdatePet - 599097772
[INFO] 2026-07-18 21:13:18 ExtentReportManager.onTestStart() - Test ThreadId: testUpdatePet - 1483509006
[INFO] 2026-07-18 21:13:18 ExtentReportManager.onTestStart() - Test ThreadId: testUpdatePet - 1306767436
[INFO] 2026-07-18 21:13:18 ExtentReportManager.onTestStart() - Test ThreadId: testUpdatePet - 343758982
[INFO] 2026-07-18 21:13:18 ExtentReportManager.onTestStart() - Test ThreadId: testUpdatePet - 1196975230
[INFO] 2026-07-18 21:13:18 ExtentReportManager.onTestStart() - Test ThreadId: testUpdateUser - 1060987350
[INFO] 2026-07-18 21:13:18 ExtentReportManager.onTestStart() - Test ThreadId: testUpdateUser - 1539363265
[INFO] 2026-07-18 21:13:18 ExtentReportManager.onTestStart() - Test ThreadId: testUpdateUser - 1288023881
[INFO] 2026-07-18 21:13:18 ExtentReportManager.onTestStart() - Test ThreadId: testUpdateUser - 2036860157
[INFO] 2026-07-18 21:13:18 ExtentReportManager.onTestStart() - Test ThreadId: testUpdateUser - 1322275415
[INFO] 2026-07-18 21:13:21 ExtentReportManager.onTestStart() - Test ThreadId: testDeletePet - 536679960
[INFO] 2026-07-18 21:13:21 ExtentReportManager.onTestStart() - Test ThreadId: testDeletePet - 1292513225
[INFO] 2026-07-18 21:13:21 ExtentReportManager.onTestStart() - Test ThreadId: testDeletePet - 548213589
[INFO] 2026-07-18 21:13:21 ExtentReportManager.onTestStart() - Test ThreadId: testDeletePet - 667871472
[INFO] 2026-07-18 21:13:21 ExtentReportManager.onTestStart() - Test ThreadId: testDeletePet - 1503228832
[INFO] 2026-07-18 21:13:21 ExtentReportManager.onTestStart() - Test ThreadId: testDeleteUser - 820727152
[INFO] 2026-07-18 21:13:21 ExtentReportManager.onTestStart() - Test ThreadId: testDeleteUser - 1022664083
[INFO] 2026-07-18 21:13:21 ExtentReportManager.onTestStart() - Test ThreadId: testDeleteUser - 1815001930
[INFO] 2026-07-18 21:13:21 ExtentReportManager.onTestStart() - Test ThreadId: testDeleteUser - 71885292
[INFO] 2026-07-18 21:13:21 ExtentReportManager.onTestStart() - Test ThreadId: testDeleteUser - 1105237928
[INFO] 2026-07-18 21:24:11 ExtentReportManager.onTestStart() - Test ThreadId: testCreatePet - 605560745
[INFO] 2026-07-18 21:24:11 ExtentReportManager.onTestStart() - Test ThreadId: testCreatePet - 1042179215
[INFO] 2026-07-18 21:24:11 ExtentReportManager.onTestStart() - Test ThreadId: testCreatePet - 1804146620
[INFO] 2026-07-18 21:24:11 ExtentReportManager.onTestStart() - Test ThreadId: testCreatePet - 552666263
[INFO] 2026-07-18 21:24:11 ExtentReportManager.onTestStart() - Test ThreadId: testCreatePet - 367004724
[INFO] 2026-07-18 21:24:11 ExtentReportManager.onTestStart() - Test ThreadId: testCreateUser - 1848966022
[INFO] 2026-07-18 21:24:11 ExtentReportManager.onTestStart() - Test ThreadId: testCreateUser - 807522730
[INFO] 2026-07-18 21:24:11 ExtentReportManager.onTestStart() - Test ThreadId: testCreateUser - 1940250951
[INFO] 2026-07-18 21:24:11 ExtentReportManager.onTestStart() - Test ThreadId: testCreateUser - 862507054
[INFO] 2026-07-18 21:24:11 ExtentReportManager.onTestStart() - Test ThreadId: testCreateUser - 1841775132
[INFO] 2026-07-18 21:24:15 ExtentReportManager.onTestStart() - Test ThreadId: testGetUser - 1870248788
[INFO] 2026-07-18 21:24:15 ExtentReportManager.onTestStart() - Test ThreadId: testGetUser - 471782805
[INFO] 2026-07-18 21:24:15 ExtentReportManager.onTestStart() - Test ThreadId: testGetUser - 748485502
[INFO] 2026-07-18 21:24:15 ExtentReportManager.onTestStart() - Test ThreadId: testGetUser - 1700523192
[INFO] 2026-07-18 21:24:15 ExtentReportManager.onTestStart() - Test ThreadId: testGetUser - 1642589331
[INFO] 2026-07-18 21:24:15 ExtentReportManager.onTestStart() - Test ThreadId: testGetPet - 829071007
[INFO] 2026-07-18 21:24:15 ExtentReportManager.onTestStart() - Test ThreadId: testGetPet - 1046056786
[INFO] 2026-07-18 21:24:15 ExtentReportManager.onTestStart() - Test ThreadId: testGetPet - 411155761
[INFO] 2026-07-18 21:24:15 ExtentReportManager.onTestStart() - Test ThreadId: testGetPet - 1567489337
[INFO] 2026-07-18 21:24:15 ExtentReportManager.onTestStart() - Test ThreadId: testGetPet - 819520830
[INFO] 2026-07-18 21:24:18 ExtentReportManager.onTestStart() - Test ThreadId: testUpdatePet - 2013592254
[INFO] 2026-07-18 21:24:18 ExtentReportManager.onTestStart() - Test ThreadId: testUpdatePet - 1373130701
[INFO] 2026-07-18 21:24:18 ExtentReportManager.onTestStart() - Test ThreadId: testUpdatePet - 548612779
[INFO] 2026-07-18 21:24:18 ExtentReportManager.onTestStart() - Test ThreadId: testUpdatePet - 1858622533
[INFO] 2026-07-18 21:24:18 ExtentReportManager.onTestStart() - Test ThreadId: testUpdatePet - 628501773
[INFO] 2026-07-18 21:24:18 ExtentReportManager.onTestStart() - Test ThreadId: testUpdateUser - 1519982951
[INFO] 2026-07-18 21:24:18 ExtentReportManager.onTestStart() - Test ThreadId: testUpdateUser - 1145666300
[INFO] 2026-07-18 21:24:18 ExtentReportManager.onTestStart() - Test ThreadId: testUpdateUser - 605490818
[INFO] 2026-07-18 21:24:18 ExtentReportManager.onTestStart() - Test ThreadId: testUpdateUser - 1385136863
[INFO] 2026-07-18 21:24:18 ExtentReportManager.onTestStart() - Test ThreadId: testUpdateUser - 1774897239
[INFO] 2026-07-18 21:24:21 ExtentReportManager.onTestStart() - Test ThreadId: testDeletePet - 453203931
[INFO] 2026-07-18 21:24:21 ExtentReportManager.onTestStart() - Test ThreadId: testDeletePet - 1888368676
[INFO] 2026-07-18 21:24:21 ExtentReportManager.onTestStart() - Test ThreadId: testDeletePet - 222898296
[INFO] 2026-07-18 21:24:21 ExtentReportManager.onTestStart() - Test ThreadId: testDeletePet - 540940552
[INFO] 2026-07-18 21:24:21 ExtentReportManager.onTestStart() - Test ThreadId: testDeletePet - 757110047
[INFO] 2026-07-18 21:24:21 ExtentReportManager.onTestStart() - Test ThreadId: testDeleteUser - 1503786459
[INFO] 2026-07-18 21:24:21 ExtentReportManager.onTestStart() - Test ThreadId: testDeleteUser - 983238781
[INFO] 2026-07-18 21:24:21 ExtentReportManager.onTestStart() - Test ThreadId: testDeleteUser - 401243505
[INFO] 2026-07-18 21:24:21 ExtentReportManager.onTestStart() - Test ThreadId: testDeleteUser - 1357798650
[INFO] 2026-07-18 21:24:21 ExtentReportManager.onTestStart() - Test ThreadId: testDeleteUser - 1814571129
[INFO] 2026-07-18 21:27:20 ExtentReportManager.onTestStart() - Test ThreadId: testCreatePet - 1839865930
[INFO] 2026-07-18 21:27:20 ExtentReportManager.onTestStart() - Test ThreadId: testCreatePet - 828827160
[INFO] 2026-07-18 21:27:20 ExtentReportManager.onTestStart() - Test ThreadId: testCreatePet - 214523464
[INFO] 2026-07-18 21:27:20 ExtentReportManager.onTestStart() - Test ThreadId: testCreatePet - 652491188
[INFO] 2026-07-18 21:27:20 ExtentReportManager.onTestStart() - Test ThreadId: testCreatePet - 276539996
[INFO] 2026-07-18 21:27:20 ExtentReportManager.onTestStart() - Test ThreadId: testCreateUser - 2119006339
[INFO] 2026-07-18 21:27:20 ExtentReportManager.onTestStart() - Test ThreadId: testCreateUser - 68160561
[INFO] 2026-07-18 21:27:20 ExtentReportManager.onTestStart() - Test ThreadId: testCreateUser - 927028447
[INFO] 2026-07-18 21:27:20 ExtentReportManager.onTestStart() - Test ThreadId: testCreateUser - 2035609150
[INFO] 2026-07-18 21:27:20 ExtentReportManager.onTestStart() - Test ThreadId: testCreateUser - 1265542993
[INFO] 2026-07-18 21:27:24 ExtentReportManager.onTestStart() - Test ThreadId: testGetPet - 651391536
[INFO] 2026-07-18 21:27:24 ExtentReportManager.onTestStart() - Test ThreadId: testGetPet - 441415104
[INFO] 2026-07-18 21:27:24 ExtentReportManager.onTestStart() - Test ThreadId: testGetPet - 1532054385
[INFO] 2026-07-18 21:27:24 ExtentReportManager.onTestStart() - Test ThreadId: testGetPet - 263463328
[INFO] 2026-07-18 21:27:24 ExtentReportManager.onTestStart() - Test ThreadId: testGetPet - 1800766086
[INFO] 2026-07-18 21:27:24 ExtentReportManager.onTestStart() - Test ThreadId: testGetUser - 1848139534
[INFO] 2026-07-18 21:27:24 ExtentReportManager.onTestStart() - Test ThreadId: testGetUser - 1003431996
[INFO] 2026-07-18 21:27:24 ExtentReportManager.onTestStart() - Test ThreadId: testGetUser - 458200004
[INFO] 2026-07-18 21:27:24 ExtentReportManager.onTestStart() - Test ThreadId: testGetUser - 1388311168
[INFO] 2026-07-18 21:27:24 ExtentReportManager.onTestStart() - Test ThreadId: testGetUser - 959787023
[INFO] 2026-07-18 21:27:26 ExtentReportManager.onTestStart() - Test ThreadId: testUpdatePet - 137348009
[INFO] 2026-07-18 21:27:26 ExtentReportManager.onTestStart() - Test ThreadId: testUpdatePet - 789225076
[INFO] 2026-07-18 21:27:26 ExtentReportManager.onTestStart() - Test ThreadId: testUpdatePet - 2500393
[INFO] 2026-07-18 21:27:26 ExtentReportManager.onTestStart() - Test ThreadId: testUpdatePet - 25058007
[INFO] 2026-07-18 21:27:26 ExtentReportManager.onTestStart() - Test ThreadId: testUpdatePet - 129929955
[INFO] 2026-07-18 21:27:26 ExtentReportManager.onTestStart() - Test ThreadId: testUpdateUser - 1928134303
[INFO] 2026-07-18 21:27:26 ExtentReportManager.onTestStart() - Test ThreadId: testUpdateUser - 743813898
[INFO] 2026-07-18 21:27:26 ExtentReportManager.onTestStart() - Test ThreadId: testUpdateUser - 854365941
[INFO] 2026-07-18 21:27:26 ExtentReportManager.onTestStart() - Test ThreadId: testUpdateUser - 1806009707
[INFO] 2026-07-18 21:27:27 ExtentReportManager.onTestStart() - Test ThreadId: testUpdateUser - 1134226035
[INFO] 2026-07-18 21:27:30 ExtentReportManager.onTestStart() - Test ThreadId: testDeleteUser - 19656791
[INFO] 2026-07-18 21:27:30 ExtentReportManager.onTestStart() - Test ThreadId: testDeleteUser - 280898598
[INFO] 2026-07-18 21:27:30 ExtentReportManager.onTestStart() - Test ThreadId: testDeleteUser - 1355134589
[INFO] 2026-07-18 21:27:30 ExtentReportManager.onTestStart() - Test ThreadId: testDeleteUser - 641396542
[INFO] 2026-07-18 21:27:30 ExtentReportManager.onTestStart() - Test ThreadId: testDeleteUser - 749936367
[INFO] 2026-07-18 21:27:31 ExtentReportManager.onTestStart() - Test ThreadId: testDeletePet - 585925424
[INFO] 2026-07-18 21:27:31 ExtentReportManager.onTestStart() - Test ThreadId: testDeletePet - 1826512873
[INFO] 2026-07-18 21:27:31 ExtentReportManager.onTestStart() - Test ThreadId: testDeletePet - 189678632
[INFO] 2026-07-18 21:27:31 ExtentReportManager.onTestStart() - Test ThreadId: testDeletePet - 1324693667
[INFO] 2026-07-18 21:27:31 ExtentReportManager.onTestStart() - Test ThreadId: testDeletePet - 959462243
[INFO] 2026-07-18 21:45:22 ExtentReportManager.onTestStart() - Test ThreadId: testCreatePet - 1957384662
[INFO] 2026-07-18 21:45:22 ExtentReportManager.onTestStart() - Test ThreadId: testCreatePet - 1168735691
[INFO] 2026-07-18 21:45:22 ExtentReportManager.onTestStart() - Test ThreadId: testCreatePet - 1070259453
[INFO] 2026-07-18 21:45:22 ExtentReportManager.onTestStart() - Test ThreadId: testCreatePet - 1619704921
[INFO] 2026-07-18 21:45:22 ExtentReportManager.onTestStart() - Test ThreadId: testCreatePet - 620595862
[INFO] 2026-07-18 21:45:22 ExtentReportManager.onTestStart() - Test ThreadId: testCreateUser - 1637958456
[INFO] 2026-07-18 21:45:22 ExtentReportManager.onTestStart() - Test ThreadId: testCreateUser - 900811371
[INFO] 2026-07-18 21:45:22 ExtentReportManager.onTestStart() - Test ThreadId: testCreateUser - 337450325
[INFO] 2026-07-18 21:45:22 ExtentReportManager.onTestStart() - Test ThreadId: testCreateUser - 1640898662
[INFO] 2026-07-18 21:45:22 ExtentReportManager.onTestStart() - Test ThreadId: testCreateUser - 65885593
[INFO] 2026-07-18 21:45:25 ExtentReportManager.onTestStart() - Test ThreadId: testGetPet - 1874332810
[INFO] 2026-07-18 21:45:25 ExtentReportManager.onTestStart() - Test ThreadId: testGetPet - 1812775461
[INFO] 2026-07-18 21:45:25 ExtentReportManager.onTestStart() - Test ThreadId: testGetPet - 124427379
[INFO] 2026-07-18 21:45:25 ExtentReportManager.onTestStart() - Test ThreadId: testGetPet - 511931057
[INFO] 2026-07-18 21:45:25 ExtentReportManager.onTestStart() - Test ThreadId: testGetPet - 1819901821
[INFO] 2026-07-18 21:45:25 ExtentReportManager.onTestStart() - Test ThreadId: testGetUser - 2045239316
[INFO] 2026-07-18 21:45:25 ExtentReportManager.onTestStart() - Test ThreadId: testGetUser - 1116768689
[INFO] 2026-07-18 21:45:25 ExtentReportManager.onTestStart() - Test ThreadId: testGetUser - 770278703
[INFO] 2026-07-18 21:45:25 ExtentReportManager.onTestStart() - Test ThreadId: testGetUser - 1056915789
[INFO] 2026-07-18 21:45:25 ExtentReportManager.onTestStart() - Test ThreadId: testGetUser - 1460946898
[INFO] 2026-07-18 21:45:27 ExtentReportManager.onTestStart() - Test ThreadId: testUpdatePet - 2106172745
[INFO] 2026-07-18 21:45:27 ExtentReportManager.onTestStart() - Test ThreadId: testUpdatePet - 670605741
[INFO] 2026-07-18 21:45:27 ExtentReportManager.onTestStart() - Test ThreadId: testUpdatePet - 1418179645
[INFO] 2026-07-18 21:45:27 ExtentReportManager.onTestStart() - Test ThreadId: testUpdatePet - 287683304
[INFO] 2026-07-18 21:45:27 ExtentReportManager.onTestStart() - Test ThreadId: testUpdatePet - 1779739858
[INFO] 2026-07-18 21:45:27 ExtentReportManager.onTestStart() - Test ThreadId: testUpdateUser - 318418836
[INFO] 2026-07-18 21:45:27 ExtentReportManager.onTestStart() - Test ThreadId: testUpdateUser - 1865073512
[INFO] 2026-07-18 21:45:27 ExtentReportManager.onTestStart() - Test ThreadId: testUpdateUser - 51966448
[INFO] 2026-07-18 21:45:28 ExtentReportManager.onTestStart() - Test ThreadId: testUpdateUser - 354940212
[INFO] 2026-07-18 21:45:28 ExtentReportManager.onTestStart() - Test ThreadId: testUpdateUser - 879214200
[INFO] 2026-07-18 21:45:30 ExtentReportManager.onTestStart() - Test ThreadId: testDeletePet - 1153349075
[INFO] 2026-07-18 21:45:30 ExtentReportManager.onTestStart() - Test ThreadId: testDeletePet - 1467068003
[INFO] 2026-07-18 21:45:30 ExtentReportManager.onTestStart() - Test ThreadId: testDeletePet - 1935708796
[INFO] 2026-07-18 21:45:30 ExtentReportManager.onTestStart() - Test ThreadId: testDeletePet - 273671821
[INFO] 2026-07-18 21:45:30 ExtentReportManager.onTestStart() - Test ThreadId: testDeletePet - 210793756
[INFO] 2026-07-18 21:45:31 ExtentReportManager.onTestStart() - Test ThreadId: testDeleteUser - 1495367474
[INFO] 2026-07-18 21:45:31 ExtentReportManager.onTestStart() - Test ThreadId: testDeleteUser - 1159463494
[INFO] 2026-07-18 21:45:31 ExtentReportManager.onTestStart() - Test ThreadId: testDeleteUser - 185872663
[INFO] 2026-07-18 21:45:31 ExtentReportManager.onTestStart() - Test ThreadId: testDeleteUser - 1456045337
[INFO] 2026-07-18 21:45:31 ExtentReportManager.onTestStart() - Test ThreadId: testDeleteUser - 2111920213
[INFO] 2026-07-21 14:59:06 ExtentReportManager.onTestStart() - Test ThreadId: testCreatePet - 740251828
[INFO] 2026-07-21 14:59:06 ExtentReportManager.onTestStart() - Test ThreadId: testCreatePet - 1508872227
[INFO] 2026-07-21 14:59:06 ExtentReportManager.onTestStart() - Test ThreadId: testCreatePet - 215984466
[INFO] 2026-07-21 14:59:06 ExtentReportManager.onTestStart() - Test ThreadId: testCreatePet - 1054730020
[INFO] 2026-07-21 14:59:06 ExtentReportManager.onTestStart() - Test ThreadId: testCreatePet - 755370705
[INFO] 2026-07-21 14:59:06 ExtentReportManager.onTestStart() - Test ThreadId: testCreateUser - 573299034
[INFO] 2026-07-21 14:59:06 ExtentReportManager.onTestStart() - Test ThreadId: testCreateUser - 752230773
[INFO] 2026-07-21 14:59:06 ExtentReportManager.onTestStart() - Test ThreadId: testCreateUser - 1146831531
[INFO] 2026-07-21 14:59:06 ExtentReportManager.onTestStart() - Test ThreadId: testCreateUser - 1006796043
[INFO] 2026-07-21 14:59:06 ExtentReportManager.onTestStart() - Test ThreadId: testCreateUser - 419771918
[INFO] 2026-07-21 14:59:09 ExtentReportManager.onTestStart() - Test ThreadId: testGetPet - 2122989939
[INFO] 2026-07-21 14:59:09 ExtentReportManager.onTestStart() - Test ThreadId: testGetPet - 1100585846
[INFO] 2026-07-21 14:59:09 ExtentReportManager.onTestStart() - Test ThreadId: testGetPet - 263731007
[INFO] 2026-07-21 14:59:09 ExtentReportManager.onTestStart() - Test ThreadId: testGetPet - 117960040
[INFO] 2026-07-21 14:59:09 ExtentReportManager.onTestStart() - Test ThreadId: testGetPet - 317225699
[INFO] 2026-07-21 14:59:09 ExtentReportManager.onTestStart() - Test ThreadId: testGetUser - 416852314
[INFO] 2026-07-21 14:59:09 ExtentReportManager.onTestStart() - Test ThreadId: testGetUser - 2065462530
[INFO] 2026-07-21 14:59:09 ExtentReportManager.onTestStart() - Test ThreadId: testGetUser - 994548128
[INFO] 2026-07-21 14:59:09 ExtentReportManager.onTestStart() - Test ThreadId: testGetUser - 665927067
[INFO] 2026-07-21 14:59:09 ExtentReportManager.onTestStart() - Test ThreadId: testGetUser - 1821970673
[INFO] 2026-07-21 14:59:11 ExtentReportManager.onTestStart() - Test ThreadId: testUpdatePet - 309565973
[INFO] 2026-07-21 14:59:11 ExtentReportManager.onTestStart() - Test ThreadId: testUpdatePet - 950783829
[INFO] 2026-07-21 14:59:11 ExtentReportManager.onTestStart() - Test ThreadId: testUpdatePet - 1259291089
[INFO] 2026-07-21 14:59:11 ExtentReportManager.onTestStart() - Test ThreadId: testUpdatePet - 543777787
[INFO] 2026-07-21 14:59:11 ExtentReportManager.onTestStart() - Test ThreadId: testUpdatePet - 1474849424
[INFO] 2026-07-21 14:59:11 ExtentReportManager.onTestStart() - Test ThreadId: testUpdateUser - 796969138
[INFO] 2026-07-21 14:59:11 ExtentReportManager.onTestStart() - Test ThreadId: testUpdateUser - 1343714691
[INFO] 2026-07-21 14:59:11 ExtentReportManager.onTestStart() - Test ThreadId: testUpdateUser - 874405839
[INFO] 2026-07-21 14:59:12 ExtentReportManager.onTestStart() - Test ThreadId: testUpdateUser - 1730381234
[INFO] 2026-07-21 14:59:12 ExtentReportManager.onTestStart() - Test ThreadId: testUpdateUser - 175629170
[INFO] 2026-07-21 14:59:14 ExtentReportManager.onTestStart() - Test ThreadId: testDeletePet - 217988870
[INFO] 2026-07-21 14:59:14 ExtentReportManager.onTestStart() - Test ThreadId: testDeletePet - 1734663083
[INFO] 2026-07-21 14:59:14 ExtentReportManager.onTestStart() - Test ThreadId: testDeletePet - 1726992963
[INFO] 2026-07-21 14:59:14 ExtentReportManager.onTestStart() - Test ThreadId: testDeletePet - 375380085
[INFO] 2026-07-21 14:59:14 ExtentReportManager.onTestStart() - Test ThreadId: testDeletePet - 969523018
[INFO] 2026-07-21 14:59:14 ExtentReportManager.onTestStart() - Test ThreadId: testDeleteUser - 1840026529
[INFO] 2026-07-21 14:59:14 ExtentReportManager.onTestStart() - Test ThreadId: testDeleteUser - 206498025
[INFO] 2026-07-21 14:59:14 ExtentReportManager.onTestStart() - Test ThreadId: testDeleteUser - 1087692531
[INFO] 2026-07-21 14:59:14 ExtentReportManager.onTestStart() - Test ThreadId: testDeleteUser - 518647409
[INFO] 2026-07-21 14:59:14 ExtentReportManager.onTestStart() - Test ThreadId: testDeleteUser - 1160218433
[INFO] 2026-07-21 15:03:03 ExtentReportManager.onTestStart() - Test ThreadId: testCreatePet - 1240812648
[INFO] 2026-07-21 15:03:03 ExtentReportManager.onTestStart() - Test ThreadId: testCreatePet - 920021761
[INFO] 2026-07-21 15:03:03 ExtentReportManager.onTestStart() - Test ThreadId: testCreatePet - 684785307
[INFO] 2026-07-21 15:03:03 ExtentReportManager.onTestStart() - Test ThreadId: testCreatePet - 825970502
[INFO] 2026-07-21 15:03:03 ExtentReportManager.onTestStart() - Test ThreadId: testCreatePet - 737929956
[INFO] 2026-07-21 15:03:03 ExtentReportManager.onTestStart() - Test ThreadId: testCreateUser - 1355125090
[INFO] 2026-07-21 15:03:03 ExtentReportManager.onTestStart() - Test ThreadId: testCreateUser - 513724274
[INFO] 2026-07-21 15:03:03 ExtentReportManager.onTestStart() - Test ThreadId: testCreateUser - 81394842
[INFO] 2026-07-21 15:03:03 ExtentReportManager.onTestStart() - Test ThreadId: testCreateUser - 1222367506
[INFO] 2026-07-21 15:03:03 ExtentReportManager.onTestStart() - Test ThreadId: testCreateUser - 2024932846
[INFO] 2026-07-21 15:03:06 ExtentReportManager.onTestStart() - Test ThreadId: testGetUser - 1968023262
[INFO] 2026-07-21 15:03:06 ExtentReportManager.onTestStart() - Test ThreadId: testGetUser - 1783702489
[INFO] 2026-07-21 15:03:06 ExtentReportManager.onTestStart() - Test ThreadId: testGetUser - 876679994
[INFO] 2026-07-21 15:03:06 ExtentReportManager.onTestStart() - Test ThreadId: testGetUser - 2028594399
[INFO] 2026-07-21 15:03:06 ExtentReportManager.onTestStart() - Test ThreadId: testGetUser - 135249286
[INFO] 2026-07-21 15:03:06 ExtentReportManager.onTestStart() - Test ThreadId: testGetPet - 1242503456
[INFO] 2026-07-21 15:03:06 ExtentReportManager.onTestStart() - Test ThreadId: testGetPet - 369262156
[INFO] 2026-07-21 15:03:06 ExtentReportManager.onTestStart() - Test ThreadId: testGetPet - 1023411270
[INFO] 2026-07-21 15:03:06 ExtentReportManager.onTestStart() - Test ThreadId: testGetPet - 1982039119
[INFO] 2026-07-21 15:03:06 ExtentReportManager.onTestStart() - Test ThreadId: testGetPet - 227468359
[INFO] 2026-07-21 15:03:08 ExtentReportManager.onTestStart() - Test ThreadId: testUpdatePet - 1221857107
[INFO] 2026-07-21 15:03:08 ExtentReportManager.onTestStart() - Test ThreadId: testUpdatePet - 1455972451
[INFO] 2026-07-21 15:03:08 ExtentReportManager.onTestStart() - Test ThreadId: testUpdatePet - 1629490652
[INFO] 2026-07-21 15:03:08 ExtentReportManager.onTestStart() - Test ThreadId: testUpdatePet - 2067527614
[INFO] 2026-07-21 15:03:08 ExtentReportManager.onTestStart() - Test ThreadId: testUpdatePet - 82800814
[INFO] 2026-07-21 15:03:08 ExtentReportManager.onTestStart() - Test ThreadId: testUpdateUser - 39003600
[INFO] 2026-07-21 15:03:08 ExtentReportManager.onTestStart() - Test ThreadId: testUpdateUser - 1370384405
[INFO] 2026-07-21 15:03:08 ExtentReportManager.onTestStart() - Test ThreadId: testUpdateUser - 1751000171
[INFO] 2026-07-21 15:03:08 ExtentReportManager.onTestStart() - Test ThreadId: testUpdateUser - 778031142
[INFO] 2026-07-21 15:03:08 ExtentReportManager.onTestStart() - Test ThreadId: testUpdateUser - 1385430149
[INFO] 2026-07-21 15:03:11 ExtentReportManager.onTestStart() - Test ThreadId: testDeletePet - 1782383453
[INFO] 2026-07-21 15:03:11 ExtentReportManager.onTestStart() - Test ThreadId: testDeletePet - 1021240128
[INFO] 2026-07-21 15:03:11 ExtentReportManager.onTestStart() - Test ThreadId: testDeletePet - 363956800
[INFO] 2026-07-21 15:03:11 ExtentReportManager.onTestStart() - Test ThreadId: testDeletePet - 175306377
[INFO] 2026-07-21 15:03:11 ExtentReportManager.onTestStart() - Test ThreadId: testDeletePet - 1502429203
[INFO] 2026-07-21 15:03:11 ExtentReportManager.onTestStart() - Test ThreadId: testDeleteUser - 1344821022
[INFO] 2026-07-21 15:03:11 ExtentReportManager.onTestStart() - Test ThreadId: testDeleteUser - 1513234226
[INFO] 2026-07-21 15:03:11 ExtentReportManager.onTestStart() - Test ThreadId: testDeleteUser - 579754121
[INFO] 2026-07-21 15:03:11 ExtentReportManager.onTestStart() - Test ThreadId: testDeleteUser - 995123598
[INFO] 2026-07-21 15:03:11 ExtentReportManager.onTestStart() - Test ThreadId: testDeleteUser - 939849792
[INFO] 2026-07-21 15:07:56 ExtentReportManager.onTestStart() - Test ThreadId: testCreatePet - 1743235449
[INFO] 2026-07-21 15:07:56 ExtentReportManager.onTestStart() - Test ThreadId: testCreatePet - 1231539222
[INFO] 2026-07-21 15:07:56 ExtentReportManager.onTestStart() - Test ThreadId: testCreatePet - 204064611
[INFO] 2026-07-21 15:07:56 ExtentReportManager.onTestStart() - Test ThreadId: testCreatePet - 148913169
[INFO] 2026-07-21 15:07:56 ExtentReportManager.onTestStart() - Test ThreadId: testCreatePet - 987915303
[INFO] 2026-07-21 15:07:56 ExtentReportManager.onTestStart() - Test ThreadId: testCreateUser - 1757471713
[INFO] 2026-07-21 15:07:56 ExtentReportManager.onTestStart() - Test ThreadId: testCreateUser - 2063054697
[INFO] 2026-07-21 15:07:56 ExtentReportManager.onTestStart() - Test ThreadId: testCreateUser - 1792286094
[INFO] 2026-07-21 15:07:56 ExtentReportManager.onTestStart() - Test ThreadId: testCreateUser - 1654384448
[INFO] 2026-07-21 15:07:56 ExtentReportManager.onTestStart() - Test ThreadId: testCreateUser - 1729463011
[INFO] 2026-07-21 15:08:00 ExtentReportManager.onTestStart() - Test ThreadId: testGetPet - 581915382
[INFO] 2026-07-21 15:08:00 ExtentReportManager.onTestStart() - Test ThreadId: testGetPet - 1545224880
[INFO] 2026-07-21 15:08:00 ExtentReportManager.onTestStart() - Test ThreadId: testGetPet - 1994096749
[INFO] 2026-07-21 15:08:00 ExtentReportManager.onTestStart() - Test ThreadId: testGetPet - 288988967
[INFO] 2026-07-21 15:08:00 ExtentReportManager.onTestStart() - Test ThreadId: testGetPet - 827249590
[INFO] 2026-07-21 15:08:00 ExtentReportManager.onTestStart() - Test ThreadId: testGetUser - 913100597
[INFO] 2026-07-21 15:08:00 ExtentReportManager.onTestStart() - Test ThreadId: testGetUser - 394634572
[INFO] 2026-07-21 15:08:00 ExtentReportManager.onTestStart() - Test ThreadId: testGetUser - 860682952
[INFO] 2026-07-21 15:08:00 ExtentReportManager.onTestStart() - Test ThreadId: testGetUser - 2136981345
[INFO] 2026-07-21 15:08:00 ExtentReportManager.onTestStart() - Test ThreadId: testGetUser - 1350968909
[INFO] 2026-07-21 15:08:02 ExtentReportManager.onTestStart() - Test ThreadId: testUpdatePet - 889770293
[INFO] 2026-07-21 15:08:02 ExtentReportManager.onTestStart() - Test ThreadId: testUpdatePet - 361266909
[INFO] 2026-07-21 15:08:02 ExtentReportManager.onTestStart() - Test ThreadId: testUpdatePet - 1551369895
[INFO] 2026-07-21 15:08:02 ExtentReportManager.onTestStart() - Test ThreadId: testUpdatePet - 1580376781
[INFO] 2026-07-21 15:08:02 ExtentReportManager.onTestStart() - Test ThreadId: testUpdatePet - 938662233
[INFO] 2026-07-21 15:08:02 ExtentReportManager.onTestStart() - Test ThreadId: testUpdateUser - 1539619295
[INFO] 2026-07-21 15:08:02 ExtentReportManager.onTestStart() - Test ThreadId: testUpdateUser - 2006518021
[INFO] 2026-07-21 15:08:02 ExtentReportManager.onTestStart() - Test ThreadId: testUpdateUser - 372262418
[INFO] 2026-07-21 15:08:02 ExtentReportManager.onTestStart() - Test ThreadId: testUpdateUser - 885295301
[INFO] 2026-07-21 15:08:02 ExtentReportManager.onTestStart() - Test ThreadId: testUpdateUser - 574048812
[INFO] 2026-07-21 15:08:05 ExtentReportManager.onTestStart() - Test ThreadId: testDeleteUser - 68026511
[INFO] 2026-07-21 15:08:05 ExtentReportManager.onTestStart() - Test ThreadId: testDeleteUser - 1397409638
[INFO] 2026-07-21 15:08:05 ExtentReportManager.onTestStart() - Test ThreadId: testDeleteUser - 1831160238
[INFO] 2026-07-21 15:08:05 ExtentReportManager.onTestStart() - Test ThreadId: testDeleteUser - 977131677
[INFO] 2026-07-21 15:08:05 ExtentReportManager.onTestStart() - Test ThreadId: testDeleteUser - 1013970233
[INFO] 2026-07-21 15:08:05 ExtentReportManager.onTestStart() - Test ThreadId: testDeletePet - 2063008696
[INFO] 2026-07-21 15:08:05 ExtentReportManager.onTestStart() - Test ThreadId: testDeletePet - 760502074
[INFO] 2026-07-21 15:08:05 ExtentReportManager.onTestStart() - Test ThreadId: testDeletePet - 863263384
[INFO] 2026-07-21 15:08:05 ExtentReportManager.onTestStart() - Test ThreadId: testDeletePet - 310792986
[INFO] 2026-07-21 15:08:05 ExtentReportManager.onTestStart() - Test ThreadId: testDeletePet - 1271348619
